Component: ARM Compiler 5.05 update 2 (build 169) Tool: armlink [4d0f33]

==============================================================================

Section Cross References

    startup_stm32f10x_hd.o(RESET) refers to startup_stm32f10x_hd.o(STACK) for __initial_sp
    startup_stm32f10x_hd.o(RESET) refers to startup_stm32f10x_hd.o(.text) for Reset_Handler
    startup_stm32f10x_hd.o(RESET) refers to stm32f10x_it.o(.text) for NMI_Handler
    startup_stm32f10x_hd.o(.text) refers to system_stm32f10x.o(.text) for SystemInit
    startup_stm32f10x_hd.o(.text) refers to entry.o(.ARM.Collect$$$$00000000) for __main
    system_stm32f10x.o(.text) refers to system_stm32f10x.o(.data) for SystemCoreClock
    stm32f10x_adc.o(.text) refers to stm32f10x_rcc.o(.text) for RCC_APB2PeriphResetCmd
    stm32f10x_bkp.o(.text) refers to stm32f10x_rcc.o(.text) for RCC_BackupResetCmd
    stm32f10x_can.o(.text) refers to stm32f10x_rcc.o(.text) for RCC_APB1PeriphResetCmd
    stm32f10x_cec.o(.text) refers to stm32f10x_rcc.o(.text) for RCC_APB1PeriphResetCmd
    stm32f10x_dac.o(.text) refers to stm32f10x_rcc.o(.text) for RCC_APB1PeriphResetCmd
    stm32f10x_gpio.o(.text) refers to stm32f10x_rcc.o(.text) for RCC_APB2PeriphResetCmd
    stm32f10x_i2c.o(.text) refers to stm32f10x_rcc.o(.text) for RCC_APB1PeriphResetCmd
    stm32f10x_pwr.o(.text) refers to stm32f10x_rcc.o(.text) for RCC_APB1PeriphResetCmd
    stm32f10x_rcc.o(.text) refers to stm32f10x_rcc.o(.data) for APBAHBPrescTable
    stm32f10x_spi.o(.text) refers to stm32f10x_rcc.o(.text) for RCC_APB2PeriphResetCmd
    stm32f10x_tim.o(.text) refers to stm32f10x_rcc.o(.text) for RCC_APB2PeriphResetCmd
    stm32f10x_usart.o(.text) refers to stm32f10x_rcc.o(.text) for RCC_APB2PeriphResetCmd
    stm32f10x_wwdg.o(.text) refers to stm32f10x_rcc.o(.text) for RCC_APB1PeriphResetCmd
    main.o(.text) refers to time.o(.text) for SYSTICK_INIT
    main.o(.text) refers to delay.o(.text) for delay_init
    main.o(.text) refers to usart.o(.text) for USART1_Config
    main.o(.text) refers to i2c.o(.text) for IIC_Init_R
    main.o(.text) refers to mpu9250.o(.text) for init_mpu9250
    main.o(.text) refers to ahrs_attitude.o(.text) for get_compass_bias
    main.o(.text) refers to cfrcmple.o(.text) for __aeabi_cfrcmple
    main.o(.text) refers to cfcmple.o(.text) for __aeabi_cfcmple
    main.o(.text) refers to attituderedress.o(.text) for send_cmd
    main.o(.text) refers to main.o(.bss) for mMPU_R
    main.o(.text) refers to main.o(.data) for mBicycle
    main.o(.text) refers to ffixi.o(.text) for __aeabi_f2iz
    main.o(.text) refers to stm32f10x_it.o(.data) for sys_count
    stm32f10x_it.o(.text) refers to stm32f10x_usart.o(.text) for USART_GetITStatus
    stm32f10x_it.o(.text) refers to stm32f10x_it.o(.data) for sys_count
    stm32f10x_it.o(.text) refers to main.o(.data) for mBicycle
    bsp_led.o(.text) refers to stm32f10x_rcc.o(.text) for RCC_APB2PeriphClockCmd
    bsp_led.o(.text) refers to stm32f10x_gpio.o(.text) for GPIO_Init
    delay.o(.text) refers to misc.o(.text) for SysTick_CLKSourceConfig
    delay.o(.text) refers to system_stm32f10x.o(.data) for SystemCoreClock
    delay.o(.text) refers to delay.o(.data) for fac_us
    mpu9250.o(.text) refers to i2c.o(.text) for I2CSigleWrite
    mpu9250.o(.text) refers to delay.o(.text) for delay_ms
    mpu9250.o(.text) refers to ahrs_attitude.o(.text) for get_gyro_bias
    time.o(.text) refers to stm32f10x_rcc.o(.text) for RCC_APB1PeriphClockCmd
    time.o(.text) refers to stm32f10x_tim.o(.text) for TIM_TimeBaseInit
    time.o(.text) refers to ffltui.o(.text) for __aeabi_ui2f
    time.o(.text) refers to fdiv.o(.text) for __aeabi_fdiv
    time.o(.text) refers to system_stm32f10x.o(.data) for SystemCoreClock
    time.o(.text) refers to time.o(.data) for now
    usart.o(.text) refers to stm32f10x_rcc.o(.text) for RCC_AHBPeriphClockCmd
    usart.o(.text) refers to stm32f10x_dma.o(.text) for DMA_Init
    usart.o(.text) refers to misc.o(.text) for NVIC_PriorityGroupConfig
    usart.o(.text) refers to stm32f10x_gpio.o(.text) for GPIO_Init
    usart.o(.text) refers to stm32f10x_usart.o(.text) for USART_Init
    usart.o(.text) refers to usart.o(.data) for SendCmd
    i2c.o(.text) refers to stm32f10x_rcc.o(.text) for RCC_APB2PeriphClockCmd
    i2c.o(.text) refers to stm32f10x_gpio.o(.text) for GPIO_Init
    i2c.o(.text) refers to delay.o(.text) for delay_us
    ahrs_attitude.o(.text) refers to fadd.o(.text) for __aeabi_fsub
    ahrs_attitude.o(.text) refers to cfrcmple.o(.text) for __aeabi_cfrcmple
    ahrs_attitude.o(.text) refers to fdiv.o(.text) for __aeabi_fdiv
    ahrs_attitude.o(.text) refers to f2d.o(.text) for __aeabi_f2d
    ahrs_attitude.o(.text) refers to dmul.o(.text) for __aeabi_dmul
    ahrs_attitude.o(.text) refers to d2f.o(.text) for __aeabi_d2f
    ahrs_attitude.o(.text) refers to i2c.o(.text) for i2cread
    ahrs_attitude.o(.text) refers to fflti.o(.text) for __aeabi_i2f
[...]
    sin_i_x.o(i.____kernel_sin$lsc) refers to sin_i_x.o(.constdata) for .constdata
    sin_i_x.o(.constdata) refers (Special) to iusefp.o(.text) for __I$use$fp
    entry2.o(.ARM.Collect$$$$00000001) refers to entry2.o(.ARM.Collect$$$$00002712) for __lit__00000000
    entry2.o(.ARM.Collect$$$$00002712) refers to startup_stm32f10x_hd.o(STACK) for __initial_sp
    entry2.o(__vectab_stack_and_reset_area) refers to startup_stm32f10x_hd.o(STACK) for __initial_sp
    entry2.o(__vectab_stack_and_reset_area) refers to entry.o(.ARM.Collect$$$$00000000) for __main
    entry5.o(.ARM.Collect$$$$00000004) refers to init.o(.text) for __scatterload
    entry9a.o(.ARM.Collect$$$$0000000B) refers to main.o(.text) for main
    entry9b.o(.ARM.Collect$$$$0000000C) refers to main.o(.text) for main
    uldiv.o(.text) refers to llushr.o(.text) for __aeabi_llsr
    uldiv.o(.text) refers to llshl.o(.text) for __aeabi_llsl
    errno.o(i.__aeabi_errno_addr) refers to errno.o(.data) for .data
    errno.o(i.__read_errno) refers to errno.o(.data) for .data
    errno.o(i.__set_errno) refers to errno.o(.data) for .data
    fsqrt.o(.text) refers to fepilogue.o(.text) for _float_round
    depilogue.o(.text) refers to llshl.o(.text) for __aeabi_llsl
    depilogue.o(.text) refers to llushr.o(.text) for __aeabi_llsr
    dsqrt.o(.text) refers to llushr.o(.text) for __aeabi_llsr
    dsqrt.o(.text) refers to depilogue.o(.text) for _double_round
    dfixul.o(.text) refers to llushr.o(.text) for __aeabi_llsr
    dfixul.o(.text) refers to llshl.o(.text) for __aeabi_llsl
    init.o(.text) refers to entry5.o(.ARM.Collect$$$$00000004) for __main_after_scatterload
    dflti.o(.text) refers to depilogue.o(.text) for _double_epilogue
    dfltui.o(.text) refers to depilogue.o(.text) for _double_epilogue
    dfixi.o(.text) refers to llushr.o(.text) for __aeabi_llsr


==============================================================================

Removing Unused input sections from the image.

    Removing startup_stm32f10x_hd.o(HEAP), (512 bytes).
    Removing core_cm3.o(.emb_text), (32 bytes).
    Removing stm32f10x_adc.o(.text), (1102 bytes).
    Removing stm32f10x_bkp.o(.text), (196 bytes).
    Removing stm32f10x_can.o(.text), (2544 bytes).
    Removing stm32f10x_cec.o(.text), (288 bytes).
    Removing stm32f10x_crc.o(.text), (72 bytes).
    Removing stm32f10x_dac.o(.text), (396 bytes).
    Removing stm32f10x_dbgmcu.o(.text), (48 bytes).
    Removing stm32f10x_exti.o(.text), (284 bytes).
    Removing stm32f10x_flash.o(.text), (1468 bytes).
    Removing stm32f10x_fsmc.o(.text), (1548 bytes).
    Removing stm32f10x_i2c.o(.text), (1028 bytes).
    Removing stm32f10x_iwdg.o(.text), (64 bytes).
    Removing stm32f10x_pwr.o(.text), (204 bytes).
    Removing stm32f10x_rtc.o(.text), (328 bytes).
    Removing stm32f10x_sdio.o(.text), (468 bytes).
    Removing stm32f10x_spi.o(.text), (780 bytes).
    Removing stm32f10x_wwdg.o(.text), (136 bytes).
    Removing bsp_led.o(.text), (104 bytes).
    Removing time.o(.bss), (40 bytes).
    Removing sys.o(.emb_text), (6 bytes).
    Removing sys.o(.text), (12 bytes).
    Removing bsp_adc.o(.text), (176 bytes).
    Removing cdcmple.o(.text), (48 bytes).

25 unused section(s) (total 11884 bytes) removed from the image.

==============================================================================

Image Symbol Table

    Local Symbols

    Symbol Name                              Value     Ov Type        Size  Object(Section)

    ../clib/microlib/division.c              0x00000000   Number         0  uidiv.o ABSOLUTE
    ../clib/microlib/division.c              0x00000000   Number         0  uldiv.o ABSOLUTE
    ../clib/microlib/errno.c                 0x00000000   Number         0  errno.o ABSOLUTE
    ../clib/microlib/init/entry.s            0x00000000   Number         0  entry11a.o ABSOLUTE
    ../clib/microlib/init/entry.s            0x00000000   Number         0  entry7a.o ABSOLUTE
    ../clib/microlib/init/entry.s            0x00000000   Number         0  entry10b.o ABSOLUTE
    ../clib/microlib/init/entry.s            0x00000000   Number         0  entry5.o ABSOLUTE
    ../clib/microlib/init/entry.s            0x00000000   Number         0  entry10a.o ABSOLUTE
    ../clib/microlib/init/entry.s            0x00000000   Number         0  entry9b.o ABSOLUTE
    ../clib/microlib/init/entry.s            0x00000000   Number         0  entry9a.o ABSOLUTE
    ../clib/microlib/init/entry.s            0x00000000   Number         0  entry8b.o ABSOLUTE
    ../clib/microlib/init/entry.s            0x00000000   Number         0  entry2.o ABSOLUTE
    ../clib/microlib/init/entry.s            0x00000000   Number         0  entry11b.o ABSOLUTE
    ../clib/microlib/init/entry.s            0x00000000   Number         0  entry.o ABSOLUTE
    ../clib/microlib/init/entry.s            0x00000000   Number         0  entry8a.o ABSOLUTE
    ../clib/microlib/init/entry.s            0x00000000   Number         0  entry7b.o ABSOLUTE
    ../clib/microlib/longlong.c              0x00000000   Number         0  llushr.o ABSOLUTE
    ../clib/microlib/longlong.c              0x00000000   Number         0  llshl.o ABSOLUTE
    ../clib/microlib/longlong.c              0x00000000   Number         0  llsshr.o ABSOLUTE
    ../clib/microlib/printf/printf.c         0x00000000   Number         0  printf4.o ABSOLUTE
    ../clib/microlib/printf/printf.c         0x00000000   Number         0  printf3.o ABSOLUTE
    ../clib/microlib/printf/printf.c         0x00000000   Number         0  printf2.o ABSOLUTE
    ../clib/microlib/printf/printf.c         0x00000000   Number         0  printf1.o ABSOLUTE
    ../clib/microlib/printf/printf.c         0x00000000   Number         0  printf0.o ABSOLUTE
    ../clib/microlib/printf/printf.c         0x00000000   Number         0  printfa.o ABSOLUTE
    ../clib/microlib/printf/printf.c         0x00000000   Number         0  printf8.o ABSOLUTE
    ../clib/microlib/printf/printf.c         0x00000000   Number         0  printf7.o ABSOLUTE
    ../clib/microlib/printf/printf.c         0x00000000   Number         0  printfb.o ABSOLUTE
    ../clib/microlib/printf/printf.c         0x00000000   Number         0  printf6.o ABSOLUTE
    ../clib/microlib/printf/printf.c         0x00000000   Number         0  printf5.o ABSOLUTE
    ../clib/microlib/printf/stubs.s          0x00000000   Number         0  stubs.o ABSOLUTE
    ../clib/microlib/stdio/streams.c         0x00000000   Number         0  stdout.o ABSOLUTE
    ../clib/microlib/stubs.s                 0x00000000   Number         0  iusefp.o ABSOLUTE
    ../fplib/microlib/d2f.c                  0x00000000   Number         0  d2f.o ABSOLUTE
    ../fplib/microlib/f2d.c                  0x00000000   Number         0  f2d.o ABSOLUTE
    ../fplib/microlib/fpadd.c                0x00000000   Number         0  fadd.o ABSOLUTE
    ../fplib/microlib/fpadd.c                0x00000000   Number         0  dadd.o ABSOLUTE
    ../fplib/microlib/fpdiv.c                0x00000000   Number         0  ddiv.o ABSOLUTE
    ../fplib/microlib/fpdiv.c                0x00000000   Number         0  fdiv.o ABSOLUTE
    ../fplib/microlib/fpepilogue.c           0x00000000   Number         0  depilogue.o ABSOLUTE
    ../fplib/microlib/fpepilogue.c           0x00000000   Number         0  fepilogue.o ABSOLUTE
    ../fplib/microlib/fpfix.c                0x00000000   Number         0  dfixul.o ABSOLUTE
    ../fplib/microlib/fpfix.c                0x00000000   Number         0  ffixui.o ABSOLUTE
    ../fplib/microlib/fpfix.c                0x00000000   Number         0  ffixi.o ABSOLUTE
    ../fplib/microlib/fpfix.c                0x00000000   Number         0  dfixi.o ABSOLUTE
    ../fplib/microlib/fpflt.c                0x00000000   Number         0  dflti.o ABSOLUTE
    ../fplib/microlib/fpflt.c                0x00000000   Number         0  fflti.o ABSOLUTE
    ../fplib/microlib/fpflt.c                0x00000000   Number         0  dfltui.o ABSOLUTE
    ../fplib/microlib/fpflt.c                0x00000000   Number         0  ffltui.o ABSOLUTE
    ../fplib/microlib/fpmul.c                0x00000000   Number         0  fmul.o ABSOLUTE
    ../fplib/microlib/fpmul.c                0x00000000   Number         0  dmul.o ABSOLUTE
    ../fplib/microlib/fpscalb.c              0x00000000   Number         0  dscalb.o ABSOLUTE
    ../fplib/microlib/fpsqrt.c               0x00000000   Number         0  dsqrt.o ABSOLUTE
    ../fplib/microlib/fpsqrt.c               0x00000000   Number         0  fsqrt.o ABSOLUTE
    ../mathlib/asin.c                        0x00000000   Number         0  asin_x.o ABSOLUTE
    ../mathlib/asin.c                        0x00000000   Number         0  asin.o ABSOLUTE
    ../mathlib/atan.c                        0x00000000   Number         0  atan.o ABSOLUTE
    ../mathlib/atan.c                        0x00000000   Number         0  atan_x.o ABSOLUTE
    ../mathlib/atan2.c                       0x00000000   Number         0  atan2.o ABSOLUTE
    ../mathlib/atan2.c                       0x00000000   Number         0  atan2_x.o ABSOLUTE
    ../mathlib/cos.c                         0x00000000   Number         0  cos.o ABSOLUTE
    ../mathlib/cos.c                         0x00000000   Number         0  cos_x.o ABSOLUTE
    ../mathlib/cos_i.c                       0x00000000   Number         0  cos_i.o ABSOLUTE
    ../mathlib/dunder.c                      0x00000000   Number         0  dunder.o ABSOLUTE
    ../mathlib/fpclassify.c                  0x00000000   Number         0  fpclassify.o ABSOLUTE
    ../mathlib/poly.c                        0x00000000   Number         0  poly.o ABSOLUTE
    ../mathlib/qnan.c                        0x00000000   Number         0  qnan.o ABSOLUTE
    ../mathlib/rred.c                        0x00000000   Number         0  rred.o ABSOLUTE
    ../mathlib/sin.c                         0x00000000   Number         0  sin.o ABSOLUTE
    ../mathlib/sin.c                         0x00000000   Number         0  sin_x.o ABSOLUTE
    ../mathlib/sin_i.c                       0x00000000   Number         0  sin_i.o ABSOLUTE
    ../mathlib/sin_i.c                       0x00000000   Number         0  sin_i_x.o ABSOLUTE
    ../mathlib/sqrt.c                        0x00000000   Number         0  sqrt.o ABSOLUTE
    ../mathlib/sqrt.c                        0x00000000   Number         0  sqrt_x.o ABSOLUTE
    ../mathlib/sqrtf.c                       0x00000000   Number         0  sqrtf.o ABSOLUTE
    ../mathlib/sqrtf.c                       0x00000000   Number         0  sqrtf_x.o ABSOLUTE
    ..\..\Libraries\CMSIS\core_cm3.c         0x00000000   Number         0  core_cm3.o ABSOLUTE
    ..\..\Libraries\CMSIS\startup\startup_stm32f10x_hd.s 0x00000000   Number         0  startup_stm32f10x_hd.o ABSOLUTE
    ..\..\Libraries\CMSIS\system_stm32f10x.c 0x00000000   Number         0  system_stm32f10x.o ABSOLUTE
    ..\..\Libraries\FWlib\src\misc.c         0x00000000   Number         0  misc.o ABSOLUTE
    ..\..\Libraries\FWlib\src\stm32f10x_adc.c 0x00000000   Number         0  stm32f10x_adc.o ABSOLUTE
    ..\..\Libraries\FWlib\src\stm32f10x_bkp.c 0x00000000   Number         0  stm32f10x_bkp.o ABSOLUTE
    ..\..\Libraries\FWlib\src\stm32f10x_can.c 0x00000000   Number         0  stm32f10x_can.o ABSOLUTE
    ..\..\Libraries\FWlib\src\stm32f10x_cec.c 0x00000000   Number         0  stm32f10x_cec.o ABSOLUTE
    ..\..\Libraries\FWlib\src\stm32f10x_crc.c 0x00000000   Number         0  stm32f10x_crc.o ABSOLUTE
    ..\..\Libraries\FWlib\src\stm32f10x_dac.c 0x00000000   Number         0  stm32f10x_dac.o ABSOLUTE
    ..\..\Libraries\FWlib\src\stm32f10x_dbgmcu.c 0x00000000   Number         0  stm32f10x_dbgmcu.o ABSOLUTE
    ..\..\Libraries\FWlib\src\stm32f10x_dma.c 0x00000000   Number         0  stm32f10x_dma.o ABSOLUTE
    ..\..\Libraries\FWlib\src\stm32f10x_exti.c 0x00000000   Number         0  stm32f10x_exti.o ABSOLUTE
    ..\..\Libraries\FWlib\src\stm32f10x_flash.c 0x00000000   Number         0  stm32f10x_flash.o ABSOLUTE
    ..\..\Libraries\FWlib\src\stm32f10x_fsmc.c 0x00000000   Number         0  stm32f10x_fsmc.o ABSOLUTE
    ..\..\Libraries\FWlib\src\stm32f10x_gpio.c 0x00000000   Number         0  stm32f10x_gpio.o ABSOLUTE
    ..\..\Libraries\FWlib\src\stm32f10x_i2c.c 0x00000000   Number         0  stm32f10x_i2c.o ABSOLUTE
    ..\..\Libraries\FWlib\src\stm32f10x_iwdg.c 0x00000000   Number         0  stm32f10x_iwdg.o ABSOLUTE
    ..\..\Libraries\FWlib\src\stm32f10x_pwr.c 0x00000000   Number         0  stm32f10x_pwr.o ABSOLUTE
    ..\..\Libraries\FWlib\src\stm32f10x_rcc.c 0x00000000   Number         0  stm32f10x_rcc.o ABSOLUTE
    ..\..\Libraries\FWlib\src\stm32f10x_rtc.c 0x00000000   Number         0  stm32f10x_rtc.o ABSOLUTE
    ..\..\Libraries\FWlib\src\stm32f10x_sdio.c 0x00000000   Number         0  stm32f10x_sdio.o ABSOLUTE
    ..\..\Libraries\FWlib\src\stm32f10x_spi.c 0x00000000   Number         0  stm32f10x_spi.o ABSOLUTE
    ..\..\Libraries\FWlib\src\stm32f10x_tim.c 0x00000000   Number         0  stm32f10x_tim.o ABSOLUTE
    ..\..\Libraries\FWlib\src\stm32f10x_usart.c 0x00000000   Number         0  stm32f10x_usart.o ABSOLUTE
    ..\..\Libraries\FWlib\src\stm32f10x_wwdg.c 0x00000000   Number         0  stm32f10x_wwdg.o ABSOLUTE
    ..\..\User\AHRS\AHRS_Attitude.c          0x00000000   Number         0  ahrs_attitude.o ABSOLUTE
    ..\..\User\AttitudeRedress\AttitudeRedress.c 0x00000000   Number         0  attituderedress.o ABSOLUTE
    ..\..\User\IIC\I2C.c                     0x00000000   Number         0  i2c.o ABSOLUTE
    ..\..\User\Led\bsp_led.c                 0x00000000   Number         0  bsp_led.o ABSOLUTE
    ..\..\User\MPU9250\mpu9250.c             0x00000000   Number         0  mpu9250.o ABSOLUTE
    ..\..\User\TIME\time.c                   0x00000000   Number         0  time.o ABSOLUTE
    ..\..\User\adc\bsp_adc.c                 0x00000000   Number         0  bsp_adc.o ABSOLUTE
    ..\..\User\delay\delay.c                 0x00000000   Number         0  delay.o ABSOLUTE
    ..\..\User\main.c                        0x00000000   Number         0  main.o ABSOLUTE
    ..\..\User\stm32f10x_it.c                0x00000000   Number         0  stm32f10x_it.o ABSOLUTE
    ..\..\User\sys\sys.c                     0x00000000   Number         0  sys.o ABSOLUTE
    ..\..\User\usart\usart.c                 0x00000000   Number         0  usart.o ABSOLUTE
    ..\\..\\Libraries\\CMSIS\\core_cm3.c     0x00000000   Number         0  core_cm3.o ABSOLUTE
    ..\\..\\User\\sys\\sys.c                 0x00000000   Number         0  sys.o ABSOLUTE
    cdcmple.s                                0x00000000   Number         0  cdcmple.o ABSOLUTE
    cdrcmple.s                               0x00000000   Number         0  cdrcmple.o ABSOLUTE
    cfcmple.s                                0x00000000   Number         0  cfcmple.o ABSOLUTE
    cfrcmple.s                               0x00000000   Number         0  cfrcmple.o ABSOLUTE
    dc.s                                     0x00000000   Number         0  dc.o ABSOLUTE
    handlers.s                               0x00000000   Number         0  handlers.o ABSOLUTE
    init.s                                   0x00000000   Number         0  init.o ABSOLUTE
    RESET                                    0x08000000   Section      304  startup_stm32f10x_hd.o(RESET)
    .ARM.Collect$$$$00000000                 0x08000130   Section        0  entry.o(.ARM.Collect$$$$00000000)
    .ARM.Collect$$$$00000001                 0x08000130   Section        4  entry2.o(.ARM.Collect$$$$00000001)
    .ARM.Collect$$$$00000004                 0x08000134   Section        4  entry5.o(.ARM.Collect$$$$00000004)
    .ARM.Collect$$$$00000008                 0x08000138   Section        0  entry7b.o(.ARM.Collect$$$$00000008)
    .ARM.Collect$$$$0000000A                 0x08000138   Section        0  entry8b.o(.ARM.Collect$$$$0000000A)
    .ARM.Collect$$$$0000000B                 0x08000138   Section        8  entry9a.o(.ARM.Collect$$$$0000000B)
    .ARM.Collect$$$$0000000D                 0x08000140   Section        0  entry10a.o(.ARM.Collect$$$$0000000D)
    .ARM.Collect$$$$0000000F                 0x08000140   Section        0  entry11a.o(.ARM.Collect$$$$0000000F)
    .ARM.Collect$$$$00002712                 0x08000140   Section        4  entry2.o(.ARM.Collect$$$$00002712)
    __lit__00000000                          0x08000140   Data           4  entry2.o(.ARM.Collect$$$$00002712)
    .text                                    0x08000144   Section       36  startup_stm32f10x_hd.o(.text)
    .text                                    0x08000168   Section        0  system_stm32f10x.o(.text)
    SetSysClockTo72                          0x08000169   Thumb Code   214  system_stm32f10x.o(.text)
    SetSysClock                              0x0800023f   Thumb Code     8  system_stm32f10x.o(.text)
    .text                                    0x08000348   Section        0  misc.o(.text)
    .text                                    0x08000424   Section        0  stm32f10x_dma.o(.text)
    .text                                    0x08000678   Section        0  stm32f10x_gpio.o(.text)
    .text                                    0x080009d4   Section        0  stm32f10x_rcc.o(.text)
    .text                                    0x08000d78   Section        0  stm32f10x_tim.o(.text)
    TI4_Config                               0x0800121f   Thumb Code   130  stm32f10x_tim.o(.text)
    TI3_Config                               0x080012b3   Thumb Code   122  stm32f10x_tim.o(.text)
    TI2_Config                               0x08001347   Thumb Code   130  stm32f10x_tim.o(.text)
    TI1_Config                               0x080013db   Thumb Code   108  stm32f10x_tim.o(.text)
    .text                                    0x08001b94   Section        0  stm32f10x_usart.o(.text)
    .text                                    0x08001f9c   Section        0  main.o(.text)
    .text                                    0x080025f0   Section        0  stm32f10x_it.o(.text)
    .text                                    0x080026c0   Section        0  delay.o(.text)
    .text                                    0x08002794   Section        0  mpu9250.o(.text)
    .text                                    0x080028d0   Section        0  time.o(.text)
    .text                                    0x080029b8   Section        0  usart.o(.text)
    NVIC_Configuration                       0x08002a03   Thumb Code    38  usart.o(.text)
    .text                                    0x08002b64   Section        0  i2c.o(.text)
    .text                                    0x080036e8   Section        0  ahrs_attitude.o(.text)
    .text                                    0x0800642c   Section        0  attituderedress.o(.text)
    .text                                    0x080066c8   Section        0  fadd.o(.text)
    .text                                    0x08006778   Section        0  fmul.o(.text)
    .text                                    0x080067dc   Section        0  fdiv.o(.text)
    .text                                    0x08006858   Section        0  dadd.o(.text)
    .text                                    0x080069a6   Section        0  dmul.o(.text)
    .text                                    0x08006a8a   Section        0  ddiv.o(.text)
    .text                                    0x08006b68   Section        0  fflti.o(.text)
    .text                                    0x08006b7a   Section        0  ffltui.o(.text)
    .text                                    0x08006b84   Section        0  ffixi.o(.text)
    .text                                    0x08006bb6   Section        0  ffixui.o(.text)
    .text                                    0x08006bde   Section        0  f2d.o(.text)
    .text                                    0x08006c04   Section        0  d2f.o(.text)
    .text                                    0x08006c3c   Section       20  cfcmple.o(.text)
    .text                                    0x08006c50   Section       20  cfrcmple.o(.text)
    .text                                    0x08006c64   Section        0  uidiv.o(.text)
    .text                                    0x08006c90   Section        0  uldiv.o(.text)
    .text                                    0x08006cf2   Section        0  llshl.o(.text)
    .text                                    0x08006d10   Section        0  llsshr.o(.text)
    .text                                    0x08006d34   Section        0  fepilogue.o(.text)
    .text                                    0x08006d34   Section        0  iusefp.o(.text)
    .text                                    0x08006da2   Section        0  fsqrt.o(.text)
    .text                                    0x08006e00   Section        0  depilogue.o(.text)
    .text                                    0x08006eba   Section        0  dscalb.o(.text)
    .text                                    0x08006ee8   Section        0  dsqrt.o(.text)
    .text                                    0x08006f8a   Section        0  dfixul.o(.text)
    .text                                    0x08006fbc   Section       48  cdrcmple.o(.text)
    .text                                    0x08006fec   Section       36  init.o(.text)
    .text                                    0x08007010   Section        0  llushr.o(.text)
    .text                                    0x08007030   Section        0  dflti.o(.text)
    .text                                    0x08007052   Section        0  dfltui.o(.text)
    .text                                    0x0800706c   Section        0  dfixi.o(.text)
    i.__0printf                              0x080070ac   Section        0  printfa.o(i.__0printf)
    i.__ARM_fpclassify                       0x080070cc   Section        0  fpclassify.o(i.__ARM_fpclassify)
    i.__ieee754_rem_pio2                     0x080070f4   Section        0  rred.o(i.__ieee754_rem_pio2)
    i.__kernel_cos                           0x0800747c   Section        0  cos_i.o(i.__kernel_cos)
    i.__kernel_poly                          0x08007578   Section        0  poly.o(i.__kernel_poly)
    i.__kernel_sin                           0x08007624   Section        0  sin_i.o(i.__kernel_sin)
    i.__mathlib_dbl_infnan                   0x08007710   Section        0  dunder.o(i.__mathlib_dbl_infnan)
    i.__mathlib_dbl_infnan2                  0x08007716   Section        0  dunder.o(i.__mathlib_dbl_infnan2)
    i.__mathlib_dbl_invalid                  0x0800771a   Section        0  dunder.o(i.__mathlib_dbl_invalid)
    i.__mathlib_dbl_underflow                0x08007728   Section        0  dunder.o(i.__mathlib_dbl_underflow)
    i.__scatterload_copy                     0x08007738   Section       14  handlers.o(i.__scatterload_copy)
    i.__scatterload_null                     0x08007746   Section        2  handlers.o(i.__scatterload_null)
    i.__scatterload_zeroinit                 0x08007748   Section       14  handlers.o(i.__scatterload_zeroinit)
    i.__set_errno                            0x08007758   Section        0  errno.o(i.__set_errno)
    i._fp_digits                             0x08007764   Section        0  printfa.o(i._fp_digits)
    _fp_digits                               0x08007765   Thumb Code   334  printfa.o(i._fp_digits)
    i._printf_core                           0x080078c8   Section        0  printfa.o(i._printf_core)
    _printf_core                             0x080078c9   Thumb Code  1744  printfa.o(i._printf_core)
    i._printf_post_padding                   0x08007fa4   Section        0  printfa.o(i._printf_post_padding)
    _printf_post_padding                     0x08007fa5   Thumb Code    36  printfa.o(i._printf_post_padding)
    i._printf_pre_padding                    0x08007fc8   Section        0  printfa.o(i._printf_pre_padding)
    _printf_pre_padding                      0x08007fc9   Thumb Code    46  printfa.o(i._printf_pre_padding)
    i.asin                                   0x08007ff8   Section        0  asin.o(i.asin)
    i.atan                                   0x08008268   Section        0  atan.o(i.atan)
    i.atan2                                  0x08008488   Section        0  atan2.o(i.atan2)
    i.cos                                    0x08008608   Section        0  cos.o(i.cos)
    i.sin                                    0x080086a4   Section        0  sin.o(i.sin)
    i.sqrt                                   0x08008744   Section        0  sqrt.o(i.sqrt)
    i.sqrtf                                  0x08008790   Section        0  sqrtf.o(i.sqrtf)
    .constdata                               0x080087c0   Section       80  asin.o(.constdata)
    pS                                       0x080087c0   Data          48  asin.o(.constdata)
    qS                                       0x080087f0   Data          32  asin.o(.constdata)
    .constdata                               0x08008810   Section      152  atan.o(.constdata)
    atanhi                                   0x08008810   Data          32  atan.o(.constdata)
    atanlo                                   0x08008830   Data          32  atan.o(.constdata)
    aTodd                                    0x08008850   Data          40  atan.o(.constdata)
    aTeven                                   0x08008878   Data          48  atan.o(.constdata)
    .constdata                               0x080088a8   Section       48  cos_i.o(.constdata)
    C                                        0x080088a8   Data          48  cos_i.o(.constdata)
    .constdata                               0x080088d8   Section        8  qnan.o(.constdata)
    .constdata                               0x080088e0   Section      200  rred.o(.constdata)
    pio2s                                    0x080088e0   Data          48  rred.o(.constdata)
    twooverpi                                0x08008910   Data         152  rred.o(.constdata)
    .constdata                               0x080089a8   Section       40  sin_i.o(.constdata)
    S                                        0x080089a8   Data          40  sin_i.o(.constdata)
    .data                                    0x20000000   Section       20  system_stm32f10x.o(.data)
    .data                                    0x20000014   Section       20  stm32f10x_rcc.o(.data)
    APBAHBPrescTable                         0x20000014   Data          16  stm32f10x_rcc.o(.data)
    ADCPrescTable                            0x20000024   Data           4  stm32f10x_rcc.o(.data)
    .data                                    0x20000028   Section       21  main.o(.data)
    Yaw_L                                    0x20000030   Data           4  main.o(.data)
    Yaw_R                                    0x20000034   Data           4  main.o(.data)
    direction                                0x20000038   Data           1  main.o(.data)
    twist                                    0x20000039   Data           1  main.o(.data)
    back_flag                                0x2000003a   Data           1  main.o(.data)
    shouder_flag                             0x2000003b   Data           1  main.o(.data)
    warm1_flag                               0x2000003c   Data           1  main.o(.data)
    .data                                    0x2000003d   Section        2  stm32f10x_it.o(.data)
    model_flag                               0x2000003e   Data           1  stm32f10x_it.o(.data)
    .data                                    0x20000040   Section        4  delay.o(.data)
    fac_us                                   0x20000040   Data           1  delay.o(.data)
    fac_ms                                   0x20000042   Data           2  delay.o(.data)
    .data                                    0x20000044   Section       48  time.o(.data)
    now                                      0x20000070   Data           4  time.o(.data)
    .data                                    0x20000074   Section        8  usart.o(.data)
    .data                                    0x2000007c   Section       10  ahrs_attitude.o(.data)
    count                                    0x20000084   Data           2  ahrs_attitude.o(.data)
    .data                                    0x20000088   Section        4  stdout.o(.data)
    .data                                    0x2000008c   Section        4  errno.o(.data)
    _errno                                   0x2000008c   Data           4  errno.o(.data)
    .bss                                     0x20000090   Section      540  main.o(.bss)
    STACK                                    0x200002b0   Section     1024  startup_stm32f10x_hd.o(STACK)

    Global Symbols

    Symbol Name                              Value     Ov Type        Size  Object(Section)

    BuildAttributes$$THM_ISAv4$P$D$K$B$S$PE$A:L22UL41UL21$X:L11$S22US41US21$IEEE1$IW$USESV6$~STKCKD$USESV7$~SHL$OTIME$ROPI$IEEEX$EBA8$MICROLIB$REQ8$PRES8$EABIv2 0x00000000   Number         0  anon$$obj.o ABSOLUTE
    __ARM_use_no_argv                        0x00000000   Number         0  main.o ABSOLUTE
    _printf_a                                0x00000000   Number         0  stubs.o ABSOLUTE
    _printf_c                                0x00000000   Number         0  stubs.o ABSOLUTE
    _printf_charcount                        0x00000000   Number         0  stubs.o ABSOLUTE
    _printf_d                                0x00000000   Number         0  stubs.o ABSOLUTE
    _printf_e                                0x00000000   Number         0  stubs.o ABSOLUTE
    _printf_f                                0x00000000   Number         0  stubs.o ABSOLUTE
    _printf_flags                            0x00000000   Number         0  stubs.o ABSOLUTE
    _printf_fp_dec                           0x00000000   Number         0  stubs.o ABSOLUTE
    _printf_fp_hex                           0x00000000   Number         0  stubs.o ABSOLUTE
    _printf_g                                0x00000000   Number         0  stubs.o ABSOLUTE
    _printf_i                                0x00000000   Number         0  stubs.o ABSOLUTE
    _printf_int_dec                          0x00000000   Number         0  stubs.o ABSOLUTE
    _printf_l                                0x00000000   Number         0  stubs.o ABSOLUTE
    _printf_lc                               0x00000000   Number         0  stubs.o ABSOLUTE
    _printf_ll                               0x00000000   Number         0  stubs.o ABSOLUTE
    _printf_lld                              0x00000000   Number         0  stubs.o ABSOLUTE
    _printf_lli                              0x00000000   Number         0  stubs.o ABSOLUTE
    _printf_llo                              0x00000000   Number         0  stubs.o ABSOLUTE
    _printf_llu                              0x00000000   Number         0  stubs.o ABSOLUTE
    _printf_llx                              0x00000000   Number         0  stubs.o ABSOLUTE
    _printf_longlong_dec                     0x00000000   Number         0  stubs.o ABSOLUTE
    _printf_longlong_hex                     0x00000000   Number         0  stubs.o ABSOLUTE
    _printf_longlong_oct                     0x00000000   Number         0  stubs.o ABSOLUTE
    _printf_ls                               0x00000000   Number         0  stubs.o ABSOLUTE
    _printf_mbtowc                           0x00000000   Number         0  stubs.o ABSOLUTE
    _printf_n                                0x00000000   Number         0  stubs.o ABSOLUTE
    _printf_o                                0x00000000   Number         0  stubs.o ABSOLUTE
    _printf_p                                0x00000000   Number         0  stubs.o ABSOLUTE
    _printf_percent                          0x00000000   Number         0  stubs.o ABSOLUTE
    _printf_pre_padding                      0x00000000   Number         0  stubs.o ABSOLUTE
    _printf_return_value                     0x00000000   Number         0  stubs.o ABSOLUTE
    _printf_s                                0x00000000   Number         0  stubs.o ABSOLUTE
    _printf_sizespec                         0x00000000   Number         0  stubs.o ABSOLUTE
    _printf_str                              0x00000000   Number         0  stubs.o ABSOLUTE
    _printf_truncate_signed                  0x00000000   Number         0  stubs.o ABSOLUTE
    _printf_truncate_unsigned                0x00000000   Number         0  stubs.o ABSOLUTE
    _printf_u                                0x00000000   Number         0  stubs.o ABSOLUTE
    _printf_wc                               0x00000000   Number         0  stubs.o ABSOLUTE
    _printf_wctomb                           0x00000000   Number         0  stubs.o ABSOLUTE
    _printf_widthprec                        0x00000000   Number         0  stubs.o ABSOLUTE
    _printf_x                                0x00000000   Number         0  stubs.o ABSOLUTE
    __cpp_initialize__aeabi_                  - Undefined Weak Reference
    __cxa_finalize                            - Undefined Weak Reference
    __decompress                              - Undefined Weak Reference
    _clock_init                               - Undefined Weak Reference
    _microlib_exit                            - Undefined Weak Reference
    __Vectors_Size                           0x00000130   Number         0  startup_stm32f10x_hd.o ABSOLUTE
    __Vectors                                0x08000000   Data           4  startup_stm32f10x_hd.o(RESET)
    __Vectors_End                            0x08000130   Data           0  startup_stm32f10x_hd.o(RESET)
    __main                                   0x08000131   Thumb Code     0  entry.o(.ARM.Collect$$$$00000000)
    _main_stk                                0x08000131   Thumb Code     0  entry2.o(.ARM.Collect$$$$00000001)
    _main_scatterload                        0x08000135   Thumb Code     0  entry5.o(.ARM.Collect$$$$00000004)
    __main_after_scatterload                 0x08000139   Thumb Code     0  entry5.o(.ARM.Collect$$$$00000004)
    _main_clock                              0x08000139   Thumb Code     0  entry7b.o(.ARM.Collect$$$$00000008)
    _main_cpp_init                           0x08000139   Thumb Code     0  entry8b.o(.ARM.Collect$$$$0000000A)
    _main_init                               0x08000139   Thumb Code     0  entry9a.o(.ARM.Collect$$$$0000000B)
    __rt_final_cpp                           0x08000141   Thumb Code     0  entry10a.o(.ARM.Collect$$$$0000000D)
    __rt_final_exit                          0x08000141   Thumb Code     0  entry11a.o(.ARM.Collect$$$$0000000F)
    Reset_Handler                            0x08000145   Thumb Code     8  startup_stm32f10x_hd.o(.text)
    ADC1_2_IRQHandler                        0x0800015f   Thumb Code     0  startup_stm32f10x_hd.o(.text)
    ADC3_IRQHandler                          0x0800015f   Thumb Code     0  startup_stm32f10x_hd.o(.text)
    CAN1_RX1_IRQHandler                      0x0800015f   Thumb Code     0  startup_stm32f10x_hd.o(.text)
    CAN1_SCE_IRQHandler                      0x0800015f   Thumb Code     0  startup_stm32f10x_hd.o(.text)
    DMA1_Channel1_IRQHandler                 0x0800015f   Thumb Code     0  startup_stm32f10x_hd.o(.text)
    DMA1_Channel2_IRQHandler                 0x0800015f   Thumb Code     0  startup_stm32f10x_hd.o(.text)
    DMA1_Channel3_IRQHandler                 0x0800015f   Thumb Code     0  startup_stm32f10x_hd.o(.text)
    DMA1_Channel4_IRQHandler                 0x0800015f   Thumb Code     0  startup_stm32f10x_hd.o(.text)
    DMA1_Channel5_IRQHandler                 0x0800015f   Thumb Code     0  startup_stm32f10x_hd.o(.text)
    DMA1_Channel6_IRQHandler                 0x0800015f   Thumb Code     0  startup_stm32f10x_hd.o(.text)
    DMA1_Channel7_IRQHandler                 0x0800015f   Thumb Code     0  startup_stm32f10x_hd.o(.text)
    DMA2_Channel1_IRQHandler                 0x0800015f   Thumb Code     0  startup_stm32f10x_hd.o(.text)
    DMA2_Channel2_IRQHandler                 0x0800015f   Thumb Code     0  startup_stm32f10x_hd.o(.text)
    DMA2_Channel3_IRQHandler                 0x0800015f   Thumb Code     0  startup_stm32f10x_hd.o(.text)
    DMA2_Channel4_5_IRQHandler               0x0800015f   Thumb Code     0  startup_stm32f10x_hd.o(.text)
    EXTI0_IRQHandler                         0x0800015f   Thumb Code     0  startup_stm32f10x_hd.o(.text)
    EXTI15_10_IRQHandler                     0x0800015f   Thumb Code     0  startup_stm32f10x_hd.o(.text)
    EXTI1_IRQHandler                         0x0800015f   Thumb Code     0  startup_stm32f10x_hd.o(.text)
    EXTI2_IRQHandler                         0x0800015f   Thumb Code     0  startup_stm32f10x_hd.o(.text)
    EXTI3_IRQHandler                         0x0800015f   Thumb Code     0  startup_stm32f10x_hd.o(.text)
    EXTI4_IRQHandler                         0x0800015f   Thumb Code     0  startup_stm32f10x_hd.o(.text)
    EXTI9_5_IRQHandler                       0x0800015f   Thumb Code     0  startup_stm32f10x_hd.o(.text)
    FLASH_IRQHandler                         0x0800015f   Thumb Code     0  startup_stm32f10x_hd.o(.text)
    FSMC_IRQHandler                          0x0800015f   Thumb Code     0  startup_stm32f10x_hd.o(.text)
    I2C1_ER_IRQHandler                       0x0800015f   Thumb Code     0  startup_stm32f10x_hd.o(.text)
    I2C1_EV_IRQHandler                       0x0800015f   Thumb Code     0  startup_stm32f10x_hd.o(.text)
    I2C2_ER_IRQHandler                       0x0800015f   Thumb Code     0  startup_stm32f10x_hd.o(.text)
    I2C2_EV_IRQHandler                       0x0800015f   Thumb Code     0  startup_stm32f10x_hd.o(.text)
    PVD_IRQHandler                           0x0800015f   Thumb Code     0  startup_stm32f10x_hd.o(.text)
    RCC_IRQHandler                           0x0800015f   Thumb Code     0  startup_stm32f10x_hd.o(.text)
    RTCAlarm_IRQHandler                      0x0800015f   Thumb Code     0  startup_stm32f10x_hd.o(.text)
    RTC_IRQHandler                           0x0800015f   Thumb Code     0  startup_stm32f10x_hd.o(.text)
    SDIO_IRQHandler                          0x0800015f   Thumb Code     0  startup_stm32f10x_hd.o(.text)
    SPI1_IRQHandler                          0x0800015f   Thumb Code     0  startup_stm32f10x_hd.o(.text)
    SPI2_IRQHandler                          0x0800015f   Thumb Code     0  startup_stm32f10x_hd.o(.text)
    SPI3_IRQHandler                          0x0800015f   Thumb Code     0  startup_stm32f10x_hd.o(.text)
    TAMPER_IRQHandler                        0x0800015f   Thumb Code     0  startup_stm32f10x_hd.o(.text)
    TIM1_BRK_IRQHandler                      0x0800015f   Thumb Code     0  startup_stm32f10x_hd.o(.text)
    TIM1_CC_IRQHandler                       0x0800015f   Thumb Code     0  startup_stm32f10x_hd.o(.text)
    TIM1_TRG_COM_IRQHandler                  0x0800015f   Thumb Code     0  startup_stm32f10x_hd.o(.text)
    TIM1_UP_IRQHandler                       0x0800015f   Thumb Code     0  startup_stm32f10x_hd.o(.text)
    TIM2_IRQHandler                          0x0800015f   Thumb Code     0  startup_stm32f10x_hd.o(.text)
    TIM3_IRQHandler                          0x0800015f   Thumb Code     0  startup_stm32f10x_hd.o(.text)
    TIM4_IRQHandler                          0x0800015f   Thumb Code     0  startup_stm32f10x_hd.o(.text)
    TIM5_IRQHandler                          0x0800015f   Thumb Code     0  startup_stm32f10x_hd.o(.text)
    TIM6_IRQHandler                          0x0800015f   Thumb Code     0  startup_stm32f10x_hd.o(.text)
    TIM7_IRQHandler                          0x0800015f   Thumb Code     0  startup_stm32f10x_hd.o(.text)
    TIM8_BRK_IRQHandler                      0x0800015f   Thumb Code     0  startup_stm32f10x_hd.o(.text)
    TIM8_CC_IRQHandler                       0x0800015f   Thumb Code     0  startup_stm32f10x_hd.o(.text)
    TIM8_TRG_COM_IRQHandler                  0x0800015f   Thumb Code     0  startup_stm32f10x_hd.o(.text)
    TIM8_UP_IRQHandler                       0x0800015f   Thumb Code     0  startup_stm32f10x_hd.o(.text)
    UART4_IRQHandler                         0x0800015f   Thumb Code     0  startup_stm32f10x_hd.o(.text)
    UART5_IRQHandler                         0x0800015f   Thumb Code     0  startup_stm32f10x_hd.o(.text)
    USART2_IRQHandler                        0x0800015f   Thumb Code     0  startup_stm32f10x_hd.o(.text)
    USART3_IRQHandler                        0x0800015f   Thumb Code     0  startup_stm32f10x_hd.o(.text)
    USBWakeUp_IRQHandler                     0x0800015f   Thumb Code     0  startup_stm32f10x_hd.o(.text)
    USB_HP_CAN1_TX_IRQHandler                0x0800015f   Thumb Code     0  startup_stm32f10x_hd.o(.text)
    USB_LP_CAN1_RX0_IRQHandler               0x0800015f   Thumb Code     0  startup_stm32f10x_hd.o(.text)
    WWDG_IRQHandler                          0x0800015f   Thumb Code     0  startup_stm32f10x_hd.o(.text)
    SystemInit                               0x08000247   Thumb Code    78  system_stm32f10x.o(.text)
    SystemCoreClockUpdate                    0x08000295   Thumb Code   142  system_stm32f10x.o(.text)
    NVIC_PriorityGroupConfig                 0x08000349   Thumb Code    10  misc.o(.text)
    NVIC_Init                                0x08000353   Thumb Code   100  misc.o(.text)
    NVIC_SetVectorTable                      0x080003b7   Thumb Code    14  misc.o(.text)
    NVIC_SystemLPConfig                      0x080003c5   Thumb Code    34  misc.o(.text)
    SysTick_CLKSourceConfig                  0x080003e7   Thumb Code    40  misc.o(.text)
    DMA_DeInit                               0x08000425   Thumb Code   324  stm32f10x_dma.o(.text)
    DMA_Init                                 0x08000569   Thumb Code    60  stm32f10x_dma.o(.text)
    DMA_StructInit                           0x080005a5   Thumb Code    26  stm32f10x_dma.o(.text)
    DMA_Cmd                                  0x080005bf   Thumb Code    24  stm32f10x_dma.o(.text)
    DMA_ITConfig                             0x080005d7   Thumb Code    18  stm32f10x_dma.o(.text)
    DMA_SetCurrDataCounter                   0x080005e9   Thumb Code     4  stm32f10x_dma.o(.text)
    DMA_GetCurrDataCounter                   0x080005ed   Thumb Code     8  stm32f10x_dma.o(.text)
    DMA_GetFlagStatus                        0x080005f5   Thumb Code    40  stm32f10x_dma.o(.text)
    DMA_ClearFlag                            0x0800061d   Thumb Code    22  stm32f10x_dma.o(.text)
    DMA_GetITStatus                          0x08000633   Thumb Code    40  stm32f10x_dma.o(.text)
    DMA_ClearITPendingBit                    0x0800065b   Thumb Code    22  stm32f10x_dma.o(.text)
    GPIO_DeInit                              0x08000679   Thumb Code   172  stm32f10x_gpio.o(.text)
    GPIO_AFIODeInit                          0x08000725   Thumb Code    20  stm32f10x_gpio.o(.text)
    GPIO_Init                                0x08000739   Thumb Code   278  stm32f10x_gpio.o(.text)
    GPIO_StructInit                          0x0800084f   Thumb Code    16  stm32f10x_gpio.o(.text)
    GPIO_ReadInputDataBit                    0x0800085f   Thumb Code    18  stm32f10x_gpio.o(.text)
    GPIO_ReadInputData                       0x08000871   Thumb Code     8  stm32f10x_gpio.o(.text)
    GPIO_ReadOutputDataBit                   0x08000879   Thumb Code    18  stm32f10x_gpio.o(.text)
    GPIO_ReadOutputData                      0x0800088b   Thumb Code     8  stm32f10x_gpio.o(.text)
    GPIO_SetBits                             0x08000893   Thumb Code     4  stm32f10x_gpio.o(.text)
    GPIO_ResetBits                           0x08000897   Thumb Code     4  stm32f10x_gpio.o(.text)
    GPIO_WriteBit                            0x0800089b   Thumb Code    10  stm32f10x_gpio.o(.text)
    GPIO_Write                               0x080008a5   Thumb Code     4  stm32f10x_gpio.o(.text)
    GPIO_PinLockConfig                       0x080008a9   Thumb Code    18  stm32f10x_gpio.o(.text)
    GPIO_EventOutputConfig                   0x080008bb   Thumb Code    26  stm32f10x_gpio.o(.text)
    GPIO_EventOutputCmd                      0x080008d5   Thumb Code     6  stm32f10x_gpio.o(.text)
    GPIO_PinRemapConfig                      0x080008db   Thumb Code   138  stm32f10x_gpio.o(.text)
    GPIO_EXTILineConfig                      0x08000965   Thumb Code    66  stm32f10x_gpio.o(.text)
    GPIO_ETH_MediaInterfaceConfig            0x080009a7   Thumb Code     8  stm32f10x_gpio.o(.text)
    RCC_DeInit                               0x080009d5   Thumb Code    64  stm32f10x_rcc.o(.text)
    RCC_HSEConfig                            0x08000a15   Thumb Code    70  stm32f10x_rcc.o(.text)
    RCC_GetFlagStatus                        0x08000a5b   Thumb Code    56  stm32f10x_rcc.o(.text)
    RCC_WaitForHSEStartUp                    0x08000a93   Thumb Code    56  stm32f10x_rcc.o(.text)
    RCC_AdjustHSICalibrationValue            0x08000acb   Thumb Code    20  stm32f10x_rcc.o(.text)
    RCC_HSICmd                               0x08000adf   Thumb Code     6  stm32f10x_rcc.o(.text)
    RCC_PLLConfig                            0x08000ae5   Thumb Code    24  stm32f10x_rcc.o(.text)
    RCC_PLLCmd                               0x08000afd   Thumb Code     6  stm32f10x_rcc.o(.text)
    RCC_SYSCLKConfig                         0x08000b03   Thumb Code    18  stm32f10x_rcc.o(.text)
    RCC_GetSYSCLKSource                      0x08000b15   Thumb Code    10  stm32f10x_rcc.o(.text)
    RCC_HCLKConfig                           0x08000b1f   Thumb Code    18  stm32f10x_rcc.o(.text)
    RCC_PCLK1Config                          0x08000b31   Thumb Code    18  stm32f10x_rcc.o(.text)
    RCC_PCLK2Config                          0x08000b43   Thumb Code    20  stm32f10x_rcc.o(.text)
    RCC_ITConfig                             0x08000b57   Thumb Code    26  stm32f10x_rcc.o(.text)
    RCC_USBCLKConfig                         0x08000b71   Thumb Code     8  stm32f10x_rcc.o(.text)
    RCC_ADCCLKConfig                         0x08000b79   Thumb Code    18  stm32f10x_rcc.o(.text)
    RCC_LSEConfig                            0x08000b8b   Thumb Code    50  stm32f10x_rcc.o(.text)
    RCC_LSICmd                               0x08000bbd   Thumb Code     6  stm32f10x_rcc.o(.text)
    RCC_RTCCLKConfig                         0x08000bc3   Thumb Code    12  stm32f10x_rcc.o(.text)
    RCC_RTCCLKCmd                            0x08000bcf   Thumb Code     8  stm32f10x_rcc.o(.text)
    RCC_GetClocksFreq                        0x08000bd7   Thumb Code   192  stm32f10x_rcc.o(.text)
    RCC_AHBPeriphClockCmd                    0x08000c97   Thumb Code    26  stm32f10x_rcc.o(.text)
    RCC_APB2PeriphClockCmd                   0x08000cb1   Thumb Code    26  stm32f10x_rcc.o(.text)
    RCC_APB1PeriphClockCmd                   0x08000ccb   Thumb Code    26  stm32f10x_rcc.o(.text)
    RCC_APB2PeriphResetCmd                   0x08000ce5   Thumb Code    26  stm32f10x_rcc.o(.text)
    RCC_APB1PeriphResetCmd                   0x08000cff   Thumb Code    26  stm32f10x_rcc.o(.text)
    RCC_BackupResetCmd                       0x08000d19   Thumb Code     8  stm32f10x_rcc.o(.text)
    RCC_ClockSecuritySystemCmd               0x08000d21   Thumb Code     6  stm32f10x_rcc.o(.text)
    RCC_MCOConfig                            0x08000d27   Thumb Code     6  stm32f10x_rcc.o(.text)
    RCC_ClearFlag                            0x08000d2d   Thumb Code    14  stm32f10x_rcc.o(.text)
    RCC_GetITStatus                          0x08000d3b   Thumb Code    20  stm32f10x_rcc.o(.text)
    RCC_ClearITPendingBit                    0x08000d4f   Thumb Code     6  stm32f10x_rcc.o(.text)
    TIM_DeInit                               0x08000d79   Thumb Code   424  stm32f10x_tim.o(.text)
    TIM_TimeBaseInit                         0x08000f21   Thumb Code   122  stm32f10x_tim.o(.text)
    TIM_OC1Init                              0x08000f9b   Thumb Code   132  stm32f10x_tim.o(.text)
    TIM_OC2Init                              0x0800101f   Thumb Code   154  stm32f10x_tim.o(.text)
    TIM_OC3Init                              0x080010b9   Thumb Code   150  stm32f10x_tim.o(.text)
    TIM_OC4Init                              0x0800114f   Thumb Code   182  stm32f10x_tim.o(.text)
    TIM_SetIC4Prescaler                      0x08001205   Thumb Code    26  stm32f10x_tim.o(.text)
    TIM_SetIC3Prescaler                      0x080012a1   Thumb Code    18  stm32f10x_tim.o(.text)
    TIM_SetIC2Prescaler                      0x0800132d   Thumb Code    26  stm32f10x_tim.o(.text)
    TIM_SetIC1Prescaler                      0x080013c9   Thumb Code    18  stm32f10x_tim.o(.text)
    TIM_ICInit                               0x08001447   Thumb Code   150  stm32f10x_tim.o(.text)
    TIM_PWMIConfig                           0x080014dd   Thumb Code   124  stm32f10x_tim.o(.text)
    TIM_BDTRConfig                           0x08001559   Thumb Code    32  stm32f10x_tim.o(.text)
    TIM_TimeBaseStructInit                   0x08001579   Thumb Code    18  stm32f10x_tim.o(.text)
    TIM_OCStructInit                         0x0800158b   Thumb Code    20  stm32f10x_tim.o(.text)
    TIM_ICStructInit                         0x0800159f   Thumb Code    18  stm32f10x_tim.o(.text)
    TIM_BDTRStructInit                       0x080015b1   Thumb Code    40  stm32f10x_tim.o(.text)
    TIM_Cmd                                  0x080015d9   Thumb Code    24  stm32f10x_tim.o(.text)
    TIM_CtrlPWMOutputs                       0x080015f1   Thumb Code    30  stm32f10x_tim.o(.text)
    TIM_ITConfig                             0x0800160f   Thumb Code    18  stm32f10x_tim.o(.text)
    TIM_GenerateEvent                        0x08001621   Thumb Code     4  stm32f10x_tim.o(.text)
    TIM_DMAConfig                            0x08001625   Thumb Code    10  stm32f10x_tim.o(.text)
    TIM_DMACmd                               0x0800162f   Thumb Code    18  stm32f10x_tim.o(.text)
    TIM_InternalClockConfig                  0x08001641   Thumb Code    12  stm32f10x_tim.o(.text)
    TIM_SelectInputTrigger                   0x0800164d   Thumb Code    18  stm32f10x_tim.o(.text)
    TIM_ITRxExternalClockConfig              0x0800165f   Thumb Code    24  stm32f10x_tim.o(.text)
    TIM_TIxExternalClockConfig               0x08001677   Thumb Code    62  stm32f10x_tim.o(.text)
    TIM_ETRConfig                            0x080016b5   Thumb Code    28  stm32f10x_tim.o(.text)
    TIM_ETRClockMode1Config                  0x080016d1   Thumb Code    54  stm32f10x_tim.o(.text)
    TIM_ETRClockMode2Config                  0x08001707   Thumb Code    32  stm32f10x_tim.o(.text)
    TIM_PrescalerConfig                      0x08001727   Thumb Code     6  stm32f10x_tim.o(.text)
    TIM_CounterModeConfig                    0x0800172d   Thumb Code    18  stm32f10x_tim.o(.text)
    TIM_EncoderInterfaceConfig               0x0800173f   Thumb Code    66  stm32f10x_tim.o(.text)
    TIM_ForcedOC1Config                      0x08001781   Thumb Code    18  stm32f10x_tim.o(.text)
    TIM_ForcedOC2Config                      0x08001793   Thumb Code    26  stm32f10x_tim.o(.text)
    TIM_ForcedOC3Config                      0x080017ad   Thumb Code    18  stm32f10x_tim.o(.text)
    TIM_ForcedOC4Config                      0x080017bf   Thumb Code    26  stm32f10x_tim.o(.text)
    TIM_ARRPreloadConfig                     0x080017d9   Thumb Code    24  stm32f10x_tim.o(.text)
    TIM_SelectCOM                            0x080017f1   Thumb Code    24  stm32f10x_tim.o(.text)
    TIM_SelectCCDMA                          0x08001809   Thumb Code    24  stm32f10x_tim.o(.text)
    TIM_CCPreloadControl                     0x08001821   Thumb Code    24  stm32f10x_tim.o(.text)
    TIM_OC1PreloadConfig                     0x08001839   Thumb Code    18  stm32f10x_tim.o(.text)
    TIM_OC2PreloadConfig                     0x0800184b   Thumb Code    26  stm32f10x_tim.o(.text)
    TIM_OC3PreloadConfig                     0x08001865   Thumb Code    18  stm32f10x_tim.o(.text)
    TIM_OC4PreloadConfig                     0x08001877   Thumb Code    26  stm32f10x_tim.o(.text)
    TIM_OC1FastConfig                        0x08001891   Thumb Code    18  stm32f10x_tim.o(.text)
    TIM_OC2FastConfig                        0x080018a3   Thumb Code    26  stm32f10x_tim.o(.text)
    TIM_OC3FastConfig                        0x080018bd   Thumb Code    18  stm32f10x_tim.o(.text)
    TIM_OC4FastConfig                        0x080018cf   Thumb Code    26  stm32f10x_tim.o(.text)
    TIM_ClearOC1Ref                          0x080018e9   Thumb Code    18  stm32f10x_tim.o(.text)
    TIM_ClearOC2Ref                          0x080018fb   Thumb Code    24  stm32f10x_tim.o(.text)
    TIM_ClearOC3Ref                          0x08001913   Thumb Code    18  stm32f10x_tim.o(.text)
    TIM_ClearOC4Ref                          0x08001925   Thumb Code    24  stm32f10x_tim.o(.text)
    TIM_OC1PolarityConfig                    0x0800193d   Thumb Code    18  stm32f10x_tim.o(.text)
    TIM_OC1NPolarityConfig                   0x0800194f   Thumb Code    18  stm32f10x_tim.o(.text)
    TIM_OC2PolarityConfig                    0x08001961   Thumb Code    26  stm32f10x_tim.o(.text)
    TIM_OC2NPolarityConfig                   0x0800197b   Thumb Code    26  stm32f10x_tim.o(.text)
    TIM_OC3PolarityConfig                    0x08001995   Thumb Code    26  stm32f10x_tim.o(.text)
    TIM_OC3NPolarityConfig                   0x080019af   Thumb Code    26  stm32f10x_tim.o(.text)
    TIM_OC4PolarityConfig                    0x080019c9   Thumb Code    26  stm32f10x_tim.o(.text)
    TIM_CCxCmd                               0x080019e3   Thumb Code    30  stm32f10x_tim.o(.text)
    TIM_CCxNCmd                              0x08001a01   Thumb Code    30  stm32f10x_tim.o(.text)
    TIM_SelectOCxM                           0x08001a1f   Thumb Code    82  stm32f10x_tim.o(.text)
    TIM_UpdateDisableConfig                  0x08001a71   Thumb Code    24  stm32f10x_tim.o(.text)
    TIM_UpdateRequestConfig                  0x08001a89   Thumb Code    24  stm32f10x_tim.o(.text)
    TIM_SelectHallSensor                     0x08001aa1   Thumb Code    24  stm32f10x_tim.o(.text)
    TIM_SelectOnePulseMode                   0x08001ab9   Thumb Code    18  stm32f10x_tim.o(.text)
    TIM_SelectOutputTrigger                  0x08001acb   Thumb Code    18  stm32f10x_tim.o(.text)
    TIM_SelectSlaveMode                      0x08001add   Thumb Code    18  stm32f10x_tim.o(.text)
    TIM_SelectMasterSlaveMode                0x08001aef   Thumb Code    18  stm32f10x_tim.o(.text)
    TIM_SetCounter                           0x08001b01   Thumb Code     4  stm32f10x_tim.o(.text)
    TIM_SetAutoreload                        0x08001b05   Thumb Code     4  stm32f10x_tim.o(.text)
    TIM_SetCompare1                          0x08001b09   Thumb Code     4  stm32f10x_tim.o(.text)
    TIM_SetCompare2                          0x08001b0d   Thumb Code     4  stm32f10x_tim.o(.text)
    TIM_SetCompare3                          0x08001b11   Thumb Code     4  stm32f10x_tim.o(.text)
    TIM_SetCompare4                          0x08001b15   Thumb Code     6  stm32f10x_tim.o(.text)
    TIM_SetClockDivision                     0x08001b1b   Thumb Code    18  stm32f10x_tim.o(.text)
    TIM_GetCapture1                          0x08001b2d   Thumb Code     6  stm32f10x_tim.o(.text)
    TIM_GetCapture2                          0x08001b33   Thumb Code     6  stm32f10x_tim.o(.text)
    TIM_GetCapture3                          0x08001b39   Thumb Code     6  stm32f10x_tim.o(.text)
    TIM_GetCapture4                          0x08001b3f   Thumb Code     8  stm32f10x_tim.o(.text)
    TIM_GetCounter                           0x08001b47   Thumb Code     6  stm32f10x_tim.o(.text)
    TIM_GetPrescaler                         0x08001b4d   Thumb Code     6  stm32f10x_tim.o(.text)
    TIM_GetFlagStatus                        0x08001b53   Thumb Code    18  stm32f10x_tim.o(.text)
    TIM_ClearFlag                            0x08001b65   Thumb Code     6  stm32f10x_tim.o(.text)
    TIM_GetITStatus                          0x08001b6b   Thumb Code    34  stm32f10x_tim.o(.text)
    TIM_ClearITPendingBit                    0x08001b8d   Thumb Code     6  stm32f10x_tim.o(.text)
    USART_DeInit                             0x08001b95   Thumb Code   134  stm32f10x_usart.o(.text)
    USART_Init                               0x08001c1b   Thumb Code   210  stm32f10x_usart.o(.text)
    USART_StructInit                         0x08001ced   Thumb Code    24  stm32f10x_usart.o(.text)
    USART_ClockInit                          0x08001d05   Thumb Code    34  stm32f10x_usart.o(.text)
    USART_ClockStructInit                    0x08001d27   Thumb Code    12  stm32f10x_usart.o(.text)
    USART_Cmd                                0x08001d33   Thumb Code    24  stm32f10x_usart.o(.text)
    USART_ITConfig                           0x08001d4b   Thumb Code    74  stm32f10x_usart.o(.text)
    USART_DMACmd                             0x08001d95   Thumb Code    18  stm32f10x_usart.o(.text)
    USART_SetAddress                         0x08001da7   Thumb Code    18  stm32f10x_usart.o(.text)
    USART_WakeUpConfig                       0x08001db9   Thumb Code    18  stm32f10x_usart.o(.text)
    USART_ReceiverWakeUpCmd                  0x08001dcb   Thumb Code    24  stm32f10x_usart.o(.text)
    USART_LINBreakDetectLengthConfig         0x08001de3   Thumb Code    18  stm32f10x_usart.o(.text)
    USART_LINCmd                             0x08001df5   Thumb Code    24  stm32f10x_usart.o(.text)
    USART_SendData                           0x08001e0d   Thumb Code     8  stm32f10x_usart.o(.text)
    USART_ReceiveData                        0x08001e15   Thumb Code    10  stm32f10x_usart.o(.text)
    USART_SendBreak                          0x08001e1f   Thumb Code    10  stm32f10x_usart.o(.text)
    USART_SetGuardTime                       0x08001e29   Thumb Code    16  stm32f10x_usart.o(.text)
    USART_SetPrescaler                       0x08001e39   Thumb Code    16  stm32f10x_usart.o(.text)
    USART_SmartCardCmd                       0x08001e49   Thumb Code    24  stm32f10x_usart.o(.text)
    USART_SmartCardNACKCmd                   0x08001e61   Thumb Code    24  stm32f10x_usart.o(.text)
    USART_HalfDuplexCmd                      0x08001e79   Thumb Code    24  stm32f10x_usart.o(.text)
    USART_OverSampling8Cmd                   0x08001e91   Thumb Code    22  stm32f10x_usart.o(.text)
    USART_OneBitMethodCmd                    0x08001ea7   Thumb Code    24  stm32f10x_usart.o(.text)
    USART_IrDAConfig                         0x08001ebf   Thumb Code    18  stm32f10x_usart.o(.text)
    USART_IrDACmd                            0x08001ed1   Thumb Code    24  stm32f10x_usart.o(.text)
    USART_GetFlagStatus                      0x08001ee9   Thumb Code    26  stm32f10x_usart.o(.text)
    USART_ClearFlag                          0x08001f03   Thumb Code    18  stm32f10x_usart.o(.text)
    USART_GetITStatus                        0x08001f15   Thumb Code    84  stm32f10x_usart.o(.text)
    USART_ClearITPendingBit                  0x08001f69   Thumb Code    52  stm32f10x_usart.o(.text)
    main                                     0x08001f9d   Thumb Code  1572  main.o(.text)
    NMI_Handler                              0x080025f1   Thumb Code     2  stm32f10x_it.o(.text)
    HardFault_Handler                        0x080025f3   Thumb Code     4  stm32f10x_it.o(.text)
    MemManage_Handler                        0x080025f7   Thumb Code     4  stm32f10x_it.o(.text)
    BusFault_Handler                         0x080025fb   Thumb Code     4  stm32f10x_it.o(.text)
    UsageFault_Handler                       0x080025ff   Thumb Code     4  stm32f10x_it.o(.text)
    SVC_Handler                              0x08002603   Thumb Code     2  stm32f10x_it.o(.text)
    DebugMon_Handler                         0x08002605   Thumb Code     2  stm32f10x_it.o(.text)
    PendSV_Handler                           0x08002607   Thumb Code     2  stm32f10x_it.o(.text)
    SysTick_Handler                          0x08002609   Thumb Code    12  stm32f10x_it.o(.text)
    USART1_IRQHandler                        0x08002615   Thumb Code   156  stm32f10x_it.o(.text)
    delay_init                               0x080026c1   Thumb Code    50  delay.o(.text)
    delay_us                                 0x080026f3   Thumb Code    72  delay.o(.text)
    delay_ms                                 0x0800273b   Thumb Code    72  delay.o(.text)
    mget_ms                                  0x08002783   Thumb Code     2  delay.o(.text)
    MPU9250_Set_Gyro_Fsr                     0x08002795   Thumb Code    22  mpu9250.o(.text)
    MPU9250_Set_Accel_Fsr                    0x080027ab   Thumb Code    22  mpu9250.o(.text)
    MPU9250_Set_LPF                          0x080027c1   Thumb Code    64  mpu9250.o(.text)
    MPU9250_Set_Rate                         0x08002801   Thumb Code    58  mpu9250.o(.text)
    init_mpu9250                             0x0800283b   Thumb Code   150  mpu9250.o(.text)
    SYSTICK_INIT                             0x080028d1   Thumb Code   108  time.o(.text)
    TIM_INIT                                 0x0800293d   Thumb Code    52  time.o(.text)
    GET_NOWTIME                              0x08002971   Thumb Code    44  time.o(.text)
    get_ms                                   0x0800299d   Thumb Code     2  time.o(.text)
    USART1_DMA_Config                        0x080029b9   Thumb Code    74  usart.o(.text)
    USART1_Config                            0x08002a29   Thumb Code   142  usart.o(.text)
    fputc                                    0x08002ab7   Thumb Code    36  usart.o(.text)
    fgetc                                    0x08002adb   Thumb Code    30  usart.o(.text)
    Usart_SendByte                           0x08002af9   Thumb Code    30  usart.o(.text)
    Usart_SendStr_length                     0x08002b17   Thumb Code    32  usart.o(.text)
    Usart_SendString                         0x08002b37   Thumb Code    28  usart.o(.text)
    IIC_Init_R                               0x08002b65   Thumb Code    50  i2c.o(.text)
    IIC_Init_L                               0x08002b97   Thumb Code    50  i2c.o(.text)
    IIC_Init_B                               0x08002bc9   Thumb Code    52  i2c.o(.text)
    IIC_Start_R                              0x08002bfd   Thumb Code    68  i2c.o(.text)
    IIC_Start_L                              0x08002c41   Thumb Code    68  i2c.o(.text)
    IIC_Start_B                              0x08002c85   Thumb Code    68  i2c.o(.text)
    IIC_Stop_R                               0x08002cc9   Thumb Code    62  i2c.o(.text)
    IIC_Stop_L                               0x08002d07   Thumb Code    62  i2c.o(.text)
    IIC_Stop_B                               0x08002d45   Thumb Code    62  i2c.o(.text)
    IIC_Wait_Ack_R                           0x08002d83   Thumb Code    86  i2c.o(.text)
    IIC_Wait_Ack_L                           0x08002dd9   Thumb Code    86  i2c.o(.text)
    IIC_Wait_Ack_B                           0x08002e2f   Thumb Code    86  i2c.o(.text)
    IIC_Ack_R                                0x08002e85   Thumb Code    66  i2c.o(.text)
    IIC_Ack_L                                0x08002ec7   Thumb Code    66  i2c.o(.text)
    IIC_Ack_B                                0x08002f09   Thumb Code    66  i2c.o(.text)
    IIC_NAck_R                               0x08002f4b   Thumb Code   104  i2c.o(.text)
    IIC_NAck_L                               0x08002fb3   Thumb Code    66  i2c.o(.text)
    IIC_NAck_B                               0x08002ff5   Thumb Code    66  i2c.o(.text)
    IIC_Send_Byte_R                          0x08003037   Thumb Code    90  i2c.o(.text)
    IIC_Send_Byte_L                          0x08003091   Thumb Code    90  i2c.o(.text)
    IIC_Send_Byte_B                          0x080030eb   Thumb Code    90  i2c.o(.text)
    IIC_Read_Byte_R                          0x08003145   Thumb Code    86  i2c.o(.text)
    IIC_Read_Byte_L                          0x0800319b   Thumb Code    86  i2c.o(.text)
    IIC_Read_Byte_B                          0x080031f1   Thumb Code    86  i2c.o(.text)
    i2cReadBuffer_R                          0x08003247   Thumb Code   116  i2c.o(.text)
    i2cReadBuffer_L                          0x080032bb   Thumb Code   116  i2c.o(.text)
    i2cReadBuffer_B                          0x0800332f   Thumb Code   152  i2c.o(.text)
    i2cWriteBuffer_R                         0x080033c7   Thumb Code    94  i2c.o(.text)
    i2cWriteBuffer_L                         0x08003425   Thumb Code    94  i2c.o(.text)
    i2cWriteBuffer_B                         0x08003483   Thumb Code    94  i2c.o(.text)
    i2cSigleWrite_R                          0x080034e1   Thumb Code    76  i2c.o(.text)
    i2cSigleWrite_L                          0x0800352d   Thumb Code    76  i2c.o(.text)
    i2cSigleWrite_B                          0x08003579   Thumb Code    76  i2c.o(.text)
    I2CSigleWrite                            0x080035c5   Thumb Code    68  i2c.o(.text)
    i2cwrite                                 0x08003609   Thumb Code   112  i2c.o(.text)
    i2cread                                  0x08003679   Thumb Code   112  i2c.o(.text)
    Delay                                    0x080036e9   Thumb Code    18  ahrs_attitude.o(.text)
    compass_calibration                      0x080036fb   Thumb Code  1406  ahrs_attitude.o(.text)
    Read_MPU9150_Mag                         0x08003c79   Thumb Code   214  ahrs_attitude.o(.text)
    get_compass_bias                         0x08003d4f   Thumb Code   124  ahrs_attitude.o(.text)
    get_mpu9150_data                         0x08003dcb   Thumb Code   608  ahrs_attitude.o(.text)
    init_quaternion                          0x0800402b   Thumb Code  2100  ahrs_attitude.o(.text)
    init_quaternion_imu                      0x0800485f   Thumb Code  1118  ahrs_attitude.o(.text)
    IMUupdate                                0x08004cbd   Thumb Code  2306  ahrs_attitude.o(.text)
    invSqrt                                  0x080055bf   Thumb Code    72  ahrs_attitude.o(.text)
    AHRSupdate                               0x08005607   Thumb Code  3298  ahrs_attitude.o(.text)
    Get_Attitude                             0x080062e9   Thumb Code    12  ahrs_attitude.o(.text)
    get_gyro_bias                            0x080062f5   Thumb Code   216  ahrs_attitude.o(.text)
    Init_MPU9150_Mag                         0x080063cd   Thumb Code    84  ahrs_attitude.o(.text)
    send_cmd                                 0x0800642d   Thumb Code    38  attituderedress.o(.text)
    send_euler                               0x08006453   Thumb Code   614  attituderedress.o(.text)
    __aeabi_fadd                             0x080066c9   Thumb Code   164  fadd.o(.text)
    __aeabi_fsub                             0x0800676d   Thumb Code     6  fadd.o(.text)
    __aeabi_frsub                            0x08006773   Thumb Code     6  fadd.o(.text)
    __aeabi_fmul                             0x08006779   Thumb Code   100  fmul.o(.text)
    __aeabi_fdiv                             0x080067dd   Thumb Code   124  fdiv.o(.text)
    __aeabi_dadd                             0x08006859   Thumb Code   322  dadd.o(.text)
    __aeabi_dsub                             0x0800699b   Thumb Code     6  dadd.o(.text)
    __aeabi_drsub                            0x080069a1   Thumb Code     6  dadd.o(.text)
    __aeabi_dmul                             0x080069a7   Thumb Code   228  dmul.o(.text)
    __aeabi_ddiv                             0x08006a8b   Thumb Code   222  ddiv.o(.text)
    __aeabi_i2f                              0x08006b69   Thumb Code    18  fflti.o(.text)
    __aeabi_ui2f                             0x08006b7b   Thumb Code    10  ffltui.o(.text)
    __aeabi_f2iz                             0x08006b85   Thumb Code    50  ffixi.o(.text)
    __aeabi_f2uiz                            0x08006bb7   Thumb Code    40  ffixui.o(.text)
    __aeabi_f2d                              0x08006bdf   Thumb Code    38  f2d.o(.text)
    __aeabi_d2f                              0x08006c05   Thumb Code    56  d2f.o(.text)
    __aeabi_cfcmpeq                          0x08006c3d   Thumb Code     0  cfcmple.o(.text)
    __aeabi_cfcmple                          0x08006c3d   Thumb Code    20  cfcmple.o(.text)
    __aeabi_cfrcmple                         0x08006c51   Thumb Code    20  cfrcmple.o(.text)
    __aeabi_uidiv                            0x08006c65   Thumb Code     0  uidiv.o(.text)
    __aeabi_uidivmod                         0x08006c65   Thumb Code    44  uidiv.o(.text)
    __aeabi_uldivmod                         0x08006c91   Thumb Code    98  uldiv.o(.text)
    __aeabi_llsl                             0x08006cf3   Thumb Code    30  llshl.o(.text)
    _ll_shift_l                              0x08006cf3   Thumb Code     0  llshl.o(.text)
    __aeabi_lasr                             0x08006d11   Thumb Code    36  llsshr.o(.text)
    _ll_sshift_r                             0x08006d11   Thumb Code     0  llsshr.o(.text)
    __I$use$fp                               0x08006d35   Thumb Code     0  iusefp.o(.text)
    _float_round                             0x08006d35   Thumb Code    18  fepilogue.o(.text)
    _float_epilogue                          0x08006d47   Thumb Code    92  fepilogue.o(.text)
    _fsqrt                                   0x08006da3   Thumb Code    94  fsqrt.o(.text)
    _double_round                            0x08006e01   Thumb Code    30  depilogue.o(.text)
    _double_epilogue                         0x08006e1f   Thumb Code   156  depilogue.o(.text)
    __ARM_scalbn                             0x08006ebb   Thumb Code    46  dscalb.o(.text)
    scalbn                                   0x08006ebb   Thumb Code     0  dscalb.o(.text)
    _dsqrt                                   0x08006ee9   Thumb Code   162  dsqrt.o(.text)
    __aeabi_d2ulz                            0x08006f8b   Thumb Code    48  dfixul.o(.text)
    __aeabi_cdrcmple                         0x08006fbd   Thumb Code    48  cdrcmple.o(.text)
    __scatterload                            0x08006fed   Thumb Code    28  init.o(.text)
    __scatterload_rt2                        0x08006fed   Thumb Code     0  init.o(.text)
    __aeabi_llsr                             0x08007011   Thumb Code    32  llushr.o(.text)
    _ll_ushift_r                             0x08007011   Thumb Code     0  llushr.o(.text)
    __aeabi_i2d                              0x08007031   Thumb Code    34  dflti.o(.text)
    __aeabi_ui2d                             0x08007053   Thumb Code    26  dfltui.o(.text)
    __aeabi_d2iz                             0x0800706d   Thumb Code    62  dfixi.o(.text)
    __0printf                                0x080070ad   Thumb Code    22  printfa.o(i.__0printf)
    __1printf                                0x080070ad   Thumb Code     0  printfa.o(i.__0printf)
    __2printf                                0x080070ad   Thumb Code     0  printfa.o(i.__0printf)
    __c89printf                              0x080070ad   Thumb Code     0  printfa.o(i.__0printf)
    printf                                   0x080070ad   Thumb Code     0  printfa.o(i.__0printf)
    __ARM_fpclassify                         0x080070cd   Thumb Code    40  fpclassify.o(i.__ARM_fpclassify)
    __ieee754_rem_pio2                       0x080070f5   Thumb Code   828  rred.o(i.__ieee754_rem_pio2)
    __kernel_cos                             0x0800747d   Thumb Code   230  cos_i.o(i.__kernel_cos)
    __kernel_poly                            0x08007579   Thumb Code   170  poly.o(i.__kernel_poly)
    __kernel_sin                             0x08007625   Thumb Code   224  sin_i.o(i.__kernel_sin)
    __mathlib_dbl_infnan                     0x08007711   Thumb Code     6  dunder.o(i.__mathlib_dbl_infnan)
    __mathlib_dbl_infnan2                    0x08007717   Thumb Code     4  dunder.o(i.__mathlib_dbl_infnan2)
    __mathlib_dbl_invalid                    0x0800771b   Thumb Code    12  dunder.o(i.__mathlib_dbl_invalid)
    __mathlib_dbl_underflow                  0x08007729   Thumb Code    10  dunder.o(i.__mathlib_dbl_underflow)
    __scatterload_copy                       0x08007739   Thumb Code    14  handlers.o(i.__scatterload_copy)
    __scatterload_null                       0x08007747   Thumb Code     2  handlers.o(i.__scatterload_null)
    __scatterload_zeroinit                   0x08007749   Thumb Code    14  handlers.o(i.__scatterload_zeroinit)
    __set_errno                              0x08007759   Thumb Code     6  errno.o(i.__set_errno)
    asin                                     0x08007ff9   Thumb Code   572  asin.o(i.asin)
    atan                                     0x08008269   Thumb Code   474  atan.o(i.atan)
    atan2                                    0x08008489   Thumb Code   346  atan2.o(i.atan2)
    cos                                      0x08008609   Thumb Code   148  cos.o(i.cos)
    sin                                      0x080086a5   Thumb Code   150  sin.o(i.sin)
    sqrt                                     0x08008745   Thumb Code    76  sqrt.o(i.sqrt)
    sqrtf                                    0x08008791   Thumb Code    44  sqrtf.o(i.sqrtf)
    __mathlib_zero                           0x080088d8   Data           8  qnan.o(.constdata)
    Region$$Table$$Base                      0x080089d0   Number         0  anon$$obj.o(Region$$Table)
    Region$$Table$$Limit                     0x080089f0   Number         0  anon$$obj.o(Region$$Table)
    SystemCoreClock                          0x20000000   Data           4  system_stm32f10x.o(.data)
    AHBPrescTable                            0x20000004   Data          16  system_stm32f10x.o(.data)
    mBicycle                                 0x20000028   Data           2  main.o(.data)
    temp                                     0x2000002a   Data           5  main.o(.data)
    mpu_send                                 0x2000002f   Data           1  main.o(.data)
    sys_count                                0x2000003d   Data           1  stm32f10x_it.o(.data)
    BPM                                      0x20000044   Data           4  time.o(.data)
    Signal                                   0x20000048   Data           4  time.o(.data)
    IBI                                      0x2000004c   Data           4  time.o(.data)
    Pulse                                    0x20000050   Data           1  time.o(.data)
    QS                                       0x20000051   Data           1  time.o(.data)
    sampleCounter                            0x20000054   Data           4  time.o(.data)
    lastBeatTime                             0x20000058   Data           4  time.o(.data)
    P                                        0x2000005c   Data           4  time.o(.data)
    T                                        0x20000060   Data           4  time.o(.data)
    thresh                                   0x20000064   Data           4  time.o(.data)
    amp                                      0x20000068   Data           4  time.o(.data)
    firstBeat                                0x2000006c   Data           1  time.o(.data)
    secondBeat                               0x2000006d   Data           1  time.o(.data)
    TIM3_count                               0x2000006e   Data           2  time.o(.data)
    SendCmd                                  0x20000074   Data           8  usart.o(.data)
    IMU_count                                0x2000007c   Data           2  ahrs_attitude.o(.data)
    imu_flag                                 0x2000007e   Data           2  ahrs_attitude.o(.data)
    IMU_count_L                              0x20000080   Data           2  ahrs_attitude.o(.data)
    imu_flag_L                               0x20000082   Data           2  ahrs_attitude.o(.data)
    __stdout                                 0x20000088   Data           4  stdout.o(.data)
    mMPU_L                                   0x20000090   Data         180  main.o(.bss)
    mMPU_R                                   0x20000144   Data         180  main.o(.bss)
    mMPU_B                                   0x200001f8   Data         180  main.o(.bss)
    __initial_sp                             0x200006b0   Data           0  startup_stm32f10x_hd.o(STACK)



==============================================================================

Memory Map of the image

  Image Entry point : 0x08000131

  Load Region LR_IROM1 (Base: 0x08000000, Size: 0x00008a80, Max: 0x00080000, ABSOLUTE)

    Execution Region ER_IROM1 (Base: 0x08000000, Size: 0x000089f0, Max: 0x00080000, ABSOLUTE)

    Base Addr    Size         Type   Attr      Idx    E Section Name        Object

    0x08000000   0x00000130   Data   RO            3    RESET               startup_stm32f10x_hd.o
    0x08000130   0x00000000   Code   RO          677  * .ARM.Collect$$$$00000000  mc_w.l(entry.o)
    0x08000130   0x00000004   Code   RO         1012    .ARM.Collect$$$$00000001  mc_w.l(entry2.o)
    0x08000134   0x00000004   Code   RO         1015    .ARM.Collect$$$$00000004  mc_w.l(entry5.o)
    0x08000138   0x00000000   Code   RO         1017    .ARM.Collect$$$$00000008  mc_w.l(entry7b.o)
    0x08000138   0x00000000   Code   RO         1019    .ARM.Collect$$$$0000000A  mc_w.l(entry8b.o)
    0x08000138   0x00000008   Code   RO         1020    .ARM.Collect$$$$0000000B  mc_w.l(entry9a.o)
    0x08000140   0x00000000   Code   RO         1022    .ARM.Collect$$$$0000000D  mc_w.l(entry10a.o)
    0x08000140   0x00000000   Code   RO         1024    .ARM.Collect$$$$0000000F  mc_w.l(entry11a.o)
    0x08000140   0x00000004   Code   RO         1013    .ARM.Collect$$$$00002712  mc_w.l(entry2.o)
    0x08000144   0x00000024   Code   RO            4    .text               startup_stm32f10x_hd.o
    0x08000168   0x000001e0   Code   RO           24    .text               system_stm32f10x.o
    0x08000348   0x000000dc   Code   RO          118    .text               misc.o
    0x08000424   0x00000254   Code   RO          218    .text               stm32f10x_dma.o
    0x08000678   0x0000035c   Code   RO          269    .text               stm32f10x_gpio.o
    0x080009d4   0x000003a4   Code   RO          317    .text               stm32f10x_rcc.o
    0x08000d78   0x00000e1a   Code   RO          367    .text               stm32f10x_tim.o
    0x08001b92   0x00000002   PAD
    0x08001b94   0x00000408   Code   RO          379    .text               stm32f10x_usart.o
    0x08001f9c   0x00000654   Code   RO          403    .text               main.o
    0x080025f0   0x000000d0   Code   RO          452    .text               stm32f10x_it.o
    0x080026c0   0x000000d4   Code   RO          489    .text               delay.o
    0x08002794   0x0000013c   Code   RO          503    .text               mpu9250.o
    0x080028d0   0x000000e8   Code   RO          518    .text               time.o
    0x080029b8   0x000001ac   Code   RO          538    .text               usart.o
    0x08002b64   0x00000b84   Code   RO          569    .text               i2c.o
    0x080036e8   0x00002d44   Code   RO          581    .text               ahrs_attitude.o
    0x0800642c   0x0000029c   Code   RO          611    .text               attituderedress.o
    0x080066c8   0x000000b0   Code   RO          941    .text               mf_w.l(fadd.o)
    0x08006778   0x00000064   Code   RO          943    .text               mf_w.l(fmul.o)
    0x080067dc   0x0000007c   Code   RO          945    .text               mf_w.l(fdiv.o)
    0x08006858   0x0000014e   Code   RO          947    .text               mf_w.l(dadd.o)
    0x080069a6   0x000000e4   Code   RO          949    .text               mf_w.l(dmul.o)
    0x08006a8a   0x000000de   Code   RO          951    .text               mf_w.l(ddiv.o)
    0x08006b68   0x00000012   Code   RO          953    .text               mf_w.l(fflti.o)
    0x08006b7a   0x0000000a   Code   RO          955    .text               mf_w.l(ffltui.o)
    0x08006b84   0x00000032   Code   RO          957    .text               mf_w.l(ffixi.o)
    0x08006bb6   0x00000028   Code   RO          959    .text               mf_w.l(ffixui.o)
    0x08006bde   0x00000026   Code   RO          961    .text               mf_w.l(f2d.o)
    0x08006c04   0x00000038   Code   RO          963    .text               mf_w.l(d2f.o)
    0x08006c3c   0x00000014   Code   RO          965    .text               mf_w.l(cfcmple.o)
    0x08006c50   0x00000014   Code   RO          967    .text               mf_w.l(cfrcmple.o)
    0x08006c64   0x0000002c   Code   RO         1027    .text               mc_w.l(uidiv.o)
    0x08006c90   0x00000062   Code   RO         1029    .text               mc_w.l(uldiv.o)
    0x08006cf2   0x0000001e   Code   RO         1031    .text               mc_w.l(llshl.o)
    0x08006d10   0x00000024   Code   RO         1033    .text               mc_w.l(llsshr.o)
    0x08006d34   0x00000000   Code   RO         1042    .text               mc_w.l(iusefp.o)
    0x08006d34   0x0000006e   Code   RO         1043    .text               mf_w.l(fepilogue.o)
    0x08006da2   0x0000005e   Code   RO         1045    .text               mf_w.l(fsqrt.o)
    0x08006e00   0x000000ba   Code   RO         1047    .text               mf_w.l(depilogue.o)
    0x08006eba   0x0000002e   Code   RO         1049    .text               mf_w.l(dscalb.o)
    0x08006ee8   0x000000a2   Code   RO         1051    .text               mf_w.l(dsqrt.o)
    0x08006f8a   0x00000030   Code   RO         1053    .text               mf_w.l(dfixul.o)
    0x08006fba   0x00000002   PAD
    0x08006fbc   0x00000030   Code   RO         1057    .text               mf_w.l(cdrcmple.o)
    0x08006fec   0x00000024   Code   RO         1059    .text               mc_w.l(init.o)
    0x08007010   0x00000020   Code   RO         1061    .text               mc_w.l(llushr.o)
    0x08007030   0x00000022   Code   RO         1063    .text               mf_w.l(dflti.o)
    0x08007052   0x0000001a   Code   RO         1065    .text               mf_w.l(dfltui.o)
    0x0800706c   0x0000003e   Code   RO         1067    .text               mf_w.l(dfixi.o)
    0x080070aa   0x00000002   PAD
    0x080070ac   0x00000020   Code   RO          913    i.__0printf         mc_w.l(printfa.o)
    0x080070cc   0x00000028   Code   RO          996    i.__ARM_fpclassify  m_ws.l(fpclassify.o)
    0x080070f4   0x00000388   Code   RO         1001    i.__ieee754_rem_pio2  m_ws.l(rred.o)
    0x0800747c   0x000000fc   Code   RO          979    i.__kernel_cos      m_ws.l(cos_i.o)
    0x08007578   0x000000aa   Code   RO          998    i.__kernel_poly     m_ws.l(poly.o)
    0x08007622   0x00000002   PAD
    0x08007624   0x000000ec   Code   RO         1006    i.__kernel_sin      m_ws.l(sin_i.o)
    0x08007710   0x00000006   Code   RO          983    i.__mathlib_dbl_infnan  m_ws.l(dunder.o)
    0x08007716   0x00000004   Code   RO          984    i.__mathlib_dbl_infnan2  m_ws.l(dunder.o)
    0x0800771a   0x0000000c   Code   RO          985    i.__mathlib_dbl_invalid  m_ws.l(dunder.o)
    0x08007726   0x00000002   PAD
    0x08007728   0x00000010   Code   RO          988    i.__mathlib_dbl_underflow  m_ws.l(dunder.o)
    0x08007738   0x0000000e   Code   RO         1071    i.__scatterload_copy  mc_w.l(handlers.o)
    0x08007746   0x00000002   Code   RO         1072    i.__scatterload_null  mc_w.l(handlers.o)
    0x08007748   0x0000000e   Code   RO         1073    i.__scatterload_zeroinit  mc_w.l(handlers.o)
    0x08007756   0x00000002   PAD
    0x08007758   0x0000000c   Code   RO         1037    i.__set_errno       mc_w.l(errno.o)
    0x08007764   0x00000164   Code   RO          920    i._fp_digits        mc_w.l(printfa.o)
    0x080078c8   0x000006dc   Code   RO          921    i._printf_core      mc_w.l(printfa.o)
    0x08007fa4   0x00000024   Code   RO          922    i._printf_post_padding  mc_w.l(printfa.o)
    0x08007fc8   0x0000002e   Code   RO          923    i._printf_pre_padding  mc_w.l(printfa.o)
    0x08007ff6   0x00000002   PAD
    0x08007ff8   0x00000270   Code   RO          628    i.asin              m_ws.l(asin.o)
    0x08008268   0x00000220   Code   RO          970    i.atan              m_ws.l(atan.o)
    0x08008488   0x00000180   Code   RO          638    i.atan2             m_ws.l(atan2.o)
    0x08008608   0x0000009c   Code   RO          646    i.cos               m_ws.l(cos.o)
    0x080086a4   0x000000a0   Code   RO          654    i.sin               m_ws.l(sin.o)
    0x08008744   0x0000004c   Code   RO          662    i.sqrt              m_ws.l(sqrt.o)
    0x08008790   0x0000002c   Code   RO          670    i.sqrtf             m_ws.l(sqrtf.o)
    0x080087bc   0x00000004   PAD
    0x080087c0   0x00000050   Data   RO          629    .constdata          m_ws.l(asin.o)
    0x08008810   0x00000098   Data   RO          971    .constdata          m_ws.l(atan.o)
    0x080088a8   0x00000030   Data   RO          980    .constdata          m_ws.l(cos_i.o)
    0x080088d8   0x00000008   Data   RO         1000    .constdata          m_ws.l(qnan.o)
    0x080088e0   0x000000c8   Data   RO         1003    .constdata          m_ws.l(rred.o)
    0x080089a8   0x00000028   Data   RO         1007    .constdata          m_ws.l(sin_i.o)
    0x080089d0   0x00000020   Data   RO         1069    Region$$Table       anon$$obj.o


    Execution Region RW_IRAM1 (Base: 0x20000000, Size: 0x000006b0, Max: 0x00010000, ABSOLUTE)

    Base Addr    Size         Type   Attr      Idx    E Section Name        Object

    0x20000000   0x00000014   Data   RW           25    .data               system_stm32f10x.o
    0x20000014   0x00000014   Data   RW          318    .data               stm32f10x_rcc.o
    0x20000028   0x00000015   Data   RW          405    .data               main.o
    0x2000003d   0x00000002   Data   RW          453    .data               stm32f10x_it.o
    0x2000003f   0x00000001   PAD
    0x20000040   0x00000004   Data   RW          490    .data               delay.o
    0x20000044   0x00000030   Data   RW          520    .data               time.o
    0x20000074   0x00000008   Data   RW          539    .data               usart.o
    0x2000007c   0x0000000a   Data   RW          582    .data               ahrs_attitude.o
    0x20000086   0x00000002   PAD
    0x20000088   0x00000004   Data   RW         1026    .data               mc_w.l(stdout.o)
    0x2000008c   0x00000004   Data   RW         1038    .data               mc_w.l(errno.o)
    0x20000090   0x0000021c   Zero   RW          404    .bss                main.o
    0x200002ac   0x00000004   PAD
    0x200002b0   0x00000400   Zero   RW            1    STACK               startup_stm32f10x_hd.o


==============================================================================

Image component sizes


      Code (inc. data)   RO Data    RW Data    ZI Data      Debug   Object Name

     11588        146          0         10          0       6968   ahrs_attitude.o
       668         16          0          0          0        950   attituderedress.o
         0          0          0          0          0       4512   core_cm3.o
       212         16          0          4          0       1255   delay.o
      2948         72          0          0          0       9982   i2c.o
      1620        118          0         21        540       6269   main.o
       220         22          0          0          0       1861   misc.o
       316          0          0          0          0       1971   mpu9250.o
        36          8        304          0       1024        884   startup_stm32f10x_hd.o
       596          8          0          0          0       4386   stm32f10x_dma.o
       860         38          0          0          0       5701   stm32f10x_gpio.o
       208         26          0          2          0       2948   stm32f10x_it.o
       932         36          0         20          0       8892   stm32f10x_rcc.o
      3610         88          0          0          0      22188   stm32f10x_tim.o
      1032         22          0          0          0       8428   stm32f10x_usart.o
       480         38          0         20          0     260343   system_stm32f10x.o
       232         26          0         48          0      17451   time.o
       428         18          0          8          0       2761   usart.o

    ----------------------------------------------------------------------
     25988        698        336        136       1568     367750   Object Totals
         0          0         32          0          0          0   (incl. Generated)
         2          0          0          3          4          0   (incl. Padding)

    ----------------------------------------------------------------------

      Code (inc. data)   RO Data    RW Data    ZI Data      Debug   Library Member Name

       624         52         80          0          0        168   asin.o
       544         70        152          0          0        124   atan.o
       384         38          0          0          0        144   atan2.o
       156          8          0          0          0        104   cos.o
       252         22         48          0          0        124   cos_i.o
        38          6          0          0          0        272   dunder.o
        40          0          0          0          0         68   fpclassify.o
       170          0          0          0          0         96   poly.o
         0          0          8          0          0          0   qnan.o
       904         76        200          0          0        140   rred.o
       160         10          0          0          0        108   sin.o
       236         12         40          0          0        128   sin_i.o
        76          0          0          0          0         84   sqrt.o
        44          0          0          0          0         80   sqrtf.o
         0          0          0          0          0          0   entry.o
         0          0          0          0          0          0   entry10a.o
         0          0          0          0          0          0   entry11a.o
         8          4          0          0          0          0   entry2.o
         4          0          0          0          0          0   entry5.o
         0          0          0          0          0          0   entry7b.o
         0          0          0          0          0          0   entry8b.o
         8          4          0          0          0          0   entry9a.o
        12          6          0          4          0         68   errno.o
        30          0          0          0          0          0   handlers.o
        36          8          0          0          0         68   init.o
         0          0          0          0          0          0   iusefp.o
        30          0          0          0          0         68   llshl.o
        36          0          0          0          0         68   llsshr.o
        32          0          0          0          0         68   llushr.o
      2226         90          0          0          0        444   printfa.o
         0          0          0          4          0          0   stdout.o
        44          0          0          0          0         80   uidiv.o
        98          0          0          0          0         92   uldiv.o
        48          0          0          0          0         68   cdrcmple.o
        20          0          0          0          0         68   cfcmple.o
        20          0          0          0          0         68   cfrcmple.o
        56          0          0          0          0         88   d2f.o
       334          0          0          0          0        148   dadd.o
       222          0          0          0          0        100   ddiv.o
       186          0          0          0          0        176   depilogue.o
        62          0          0          0          0         80   dfixi.o
        48          0          0          0          0         68   dfixul.o
        34          0          0          0          0         76   dflti.o
        26          0          0          0          0         76   dfltui.o
       228          0          0          0          0         96   dmul.o
        46          0          0          0          0         80   dscalb.o
       162          0          0          0          0        100   dsqrt.o
        38          0          0          0          0         68   f2d.o
       176          0          0          0          0        140   fadd.o
       124          0          0          0          0         88   fdiv.o
       110          0          0          0          0        168   fepilogue.o
        50          0          0          0          0         68   ffixi.o
        40          0          0          0          0         68   ffixui.o
        18          0          0          0          0         68   fflti.o
        10          0          0          0          0         68   ffltui.o
       100          0          0          0          0         76   fmul.o
        94          0          0          0          0         96   fsqrt.o

    ----------------------------------------------------------------------
      8460        406        528          8          0       4796   Library Totals
        16          0          0          0          0          0   (incl. Padding)

    ----------------------------------------------------------------------

      Code (inc. data)   RO Data    RW Data    ZI Data      Debug   Library Name

      3628        294        528          0          0       1640   m_ws.l
      2564        112          0          8          0        956   mc_w.l
      2252          0          0          0          0       2200   mf_w.l

    ----------------------------------------------------------------------
      8460        406        528          8          0       4796   Library Totals

    ----------------------------------------------------------------------

==============================================================================


      Code (inc. data)   RO Data    RW Data    ZI Data      Debug   

     34448       1104        864        144       1568     368694   Grand Totals
     34448       1104        864        144       1568     368694   ELF Image Totals
     34448       1104        864        144          0          0   ROM Totals

==============================================================================

    Total RO  Size (Code + RO Data)                35312 (  34.48kB)
    Total RW  Size (RW Data + ZI Data)              1712 (   1.67kB)
    Total ROM Size (Code + RO Data + RW Data)      35456 (  34.63kB)

==============================================================================

